Archive member included to satisfy reference by file (symbol)

/Applications/STM32CubeIDE.app/Contents/Eclipse/plugins/com.st.stm32cube.ide.mcu.externaltools.gnu-tools-for-stm32.11.3.rel1.macos64_1.1.0.202305231506/tools/bin/../lib/gcc/arm-none-eabi/11.3.1/../../../../arm-none-eabi/lib/thumb/v7e-m/nofp/libc_nano.a(libc_a-exit.o)
                              /Applications/STM32CubeIDE.app/Contents/Eclipse/plugins/com.st.stm32cube.ide.mcu.externaltools.gnu-tools-for-stm32.11.3.rel1.macos64_1.1.0.202305231506/tools/bin/../lib/gcc/arm-none-eabi/11.3.1/../../../../arm-none-eabi/lib/thumb/v7e-m/nofp/crt0.o (exit)
/Applications/STM32CubeIDE.app/Contents/Eclipse/plugins/com.st.stm32cube.ide.mcu.externaltools.gnu-tools-for-stm32.11.3.rel1.macos64_1.1.0.202305231506/tools/bin/../lib/gcc/arm-none-eabi/11.3.1/../../../../arm-none-eabi/lib/thumb/v7e-m/nofp/libc_nano.a(libc_a-findfp.o)
                              /Applications/STM32CubeIDE.app/Contents/Eclipse/plugins/com.st.stm32cube.ide.mcu.externaltools.gnu-tools-for-stm32.11.3.rel1.macos64_1.1.0.202305231506/tools/bin/../lib/gcc/arm-none-eabi/11.3.1/../../../../arm-none-eabi/lib/thumb/v7e-m/nofp/libc_nano.a(libc_a-exit.o) (__stdio_exit_handler)
/Applications/STM32CubeIDE.app/Contents/Eclipse/plugins/com.st.stm32cube.ide.mcu.externaltools.gnu-tools-for-stm32.11.3.rel1.macos64_1.1.0.202305231506/tools/bin/../lib/gcc/arm-none-eabi/11.3.1/../../../../arm-none-eabi/lib/thumb/v7e-m/nofp/libc_nano.a(libc_a-fwalk.o)
                              /Applications/STM32CubeIDE.app/Contents/Eclipse/plugins/com.st.stm32cube.ide.mcu.externaltools.gnu-tools-for-stm32.11.3.rel1.macos64_1.1.0.202305231506/tools/bin/../lib/gcc/arm-none-eabi/11.3.1/../../../../arm-none-eabi/lib/thumb/v7e-m/nofp/libc_nano.a(libc_a-findfp.o) (_fwalk_sglue)
/Applications/STM32CubeIDE.app/Contents/Eclipse/plugins/com.st.stm32cube.ide.mcu.externaltools.gnu-tools-for-stm32.11.3.rel1.macos64_1.1.0.202305231506/tools/bin/../lib/gcc/arm-none-eabi/11.3.1/../../../../arm-none-eabi/lib/thumb/v7e-m/nofp/libc_nano.a(libc_a-vsnprintf.o)
                              ./Core/Src/com_debug.o (vsnprintf)
/Applications/STM32CubeIDE.app/Contents/Eclipse/plugins/com.st.stm32cube.ide.mcu.externaltools.gnu-tools-for-stm32.11.3.rel1.macos64_1.1.0.202305231506/tools/bin/../lib/gcc/arm-none-eabi/11.3.1/../../../../arm-none-eabi/lib/thumb/v7e-m/nofp/libc_nano.a(libc_a-memset.o)
                              /Applications/STM32CubeIDE.app/Contents/Eclipse/plugins/com.st.stm32cube.ide.mcu.externaltools.gnu-tools-for-stm32.11.3.rel1.macos64_1.1.0.202305231506/tools/bin/../lib/gcc/arm-none-eabi/11.3.1/../../../../arm-none-eabi/lib/thumb/v7e-m/nofp/crt0.o (memset)
/Applications/STM32CubeIDE.app/Contents/Eclipse/plugins/com.st.stm32cube.ide.mcu.externaltools.gnu-tools-for-stm32.11.3.rel1.macos64_1.1.0.202305231506/tools/bin/../lib/gcc/arm-none-eabi/11.3.1/../../../../arm-none-eabi/lib/thumb/v7e-m/nofp/libc_nano.a(libc_a-impure.o)
                              /Applications/STM32CubeIDE.app/Contents/Eclipse/plugins/com.st.stm32cube.ide.mcu.externaltools.gnu-tools-for-stm32.11.3.rel1.macos64_1.1.0.202305231506/tools/bin/../lib/gcc/arm-none-eabi/11.3.1/../../../../arm-none-eabi/lib/thumb/v7e-m/nofp/libc_nano.a(libc_a-vsnprintf.o) (_impure_ptr)
/Applications/STM32CubeIDE.app/Contents/Eclipse/plugins/com.st.stm32cube.ide.mcu.externaltools.gnu-tools-for-stm32.11.3.rel1.macos64_1.1.0.202305231506/tools/bin/../lib/gcc/arm-none-eabi/11.3.1/../../../../arm-none-eabi/lib/thumb/v7e-m/nofp/libc_nano.a(libc_a-errno.o)
                              ./Core/Src/syscalls.o (__errno)
/Applications/STM32CubeIDE.app/Contents/Eclipse/plugins/com.st.stm32cube.ide.mcu.externaltools.gnu-tools-for-stm32.11.3.rel1.macos64_1.1.0.202305231506/tools/bin/../lib/gcc/arm-none-eabi/11.3.1/../../../../arm-none-eabi/lib/thumb/v7e-m/nofp/libc_nano.a(libc_a-init.o)
                              /Applications/STM32CubeIDE.app/Contents/Eclipse/plugins/com.st.stm32cube.ide.mcu.externaltools.gnu-tools-for-stm32.11.3.rel1.macos64_1.1.0.202305231506/tools/bin/../lib/gcc/arm-none-eabi/11.3.1/../../../../arm-none-eabi/lib/thumb/v7e-m/nofp/crt0.o (__libc_init_array)
/Applications/STM32CubeIDE.app/Contents/Eclipse/plugins/com.st.stm32cube.ide.mcu.externaltools.gnu-tools-for-stm32.11.3.rel1.macos64_1.1.0.202305231506/tools/bin/../lib/gcc/arm-none-eabi/11.3.1/../../../../arm-none-eabi/lib/thumb/v7e-m/nofp/libc_nano.a(libc_a-lock.o)
                              /Applications/STM32CubeIDE.app/Contents/Eclipse/plugins/com.st.stm32cube.ide.mcu.externaltools.gnu-tools-for-stm32.11.3.rel1.macos64_1.1.0.202305231506/tools/bin/../lib/gcc/arm-none-eabi/11.3.1/../../../../arm-none-eabi/lib/thumb/v7e-m/nofp/libc_nano.a(libc_a-findfp.o) (__retarget_lock_init_recursive)
[...]
Memory Configuration

Name             Origin             Length             Attributes
RAM              0x0000000020000000 0x0000000000010000 xrw
RAM2             0x0000000010000000 0x0000000000008000 xrw
FLASH            0x0000000008000000 0x0000000000040000 xr
*default*        0x0000000000000000 0xffffffffffffffff

Linker script and memory map

LOAD /Applications/STM32CubeIDE.app/Contents/Eclipse/plugins/com.st.stm32cube.ide.mcu.externaltools.gnu-tools-for-stm32.11.3.rel1.macos64_1.1.0.202305231506/tools/bin/../lib/gcc/arm-none-eabi/11.3.1/thumb/v7e-m/nofp/crti.o
LOAD /Applications/STM32CubeIDE.app/Contents/Eclipse/plugins/com.st.stm32cube.ide.mcu.externaltools.gnu-tools-for-stm32.11.3.rel1.macos64_1.1.0.202305231506/tools/bin/../lib/gcc/arm-none-eabi/11.3.1/thumb/v7e-m/nofp/crtbegin.o
LOAD /Applications/STM32CubeIDE.app/Contents/Eclipse/plugins/com.st.stm32cube.ide.mcu.externaltools.gnu-tools-for-stm32.11.3.rel1.macos64_1.1.0.202305231506/tools/bin/../lib/gcc/arm-none-eabi/11.3.1/../../../../arm-none-eabi/lib/thumb/v7e-m/nofp/crt0.o
LOAD ./Core/Src/ax25_generator.o
LOAD ./Core/Src/com_debug.o
LOAD ./Core/Src/error_detection.o
LOAD ./Core/Src/main.o
LOAD ./Core/Src/obc_interface.o
LOAD ./Core/Src/stm32_adv_trace_if.o
LOAD ./Core/Src/stm32_lpm_if.o
LOAD ./Core/Src/stm32wlxx_hal_msp.o
LOAD ./Core/Src/stm32wlxx_it.o
LOAD ./Core/Src/sys_app.o
LOAD ./Core/Src/syscalls.o
LOAD ./Core/Src/sysmem.o
LOAD ./Core/Src/system_stm32wlxx.o
LOAD ./Core/Src/timer_if.o
LOAD ./Core/Startup/startup_stm32wl55jcix.o
LOAD ./Drivers/STM32WLxx_HAL_Driver/Src/stm32wlxx_hal.o
LOAD ./Drivers/STM32WLxx_HAL_Driver/Src/stm32wlxx_hal_cortex.o
LOAD ./Drivers/STM32WLxx_HAL_Driver/Src/stm32wlxx_hal_dma.o
LOAD ./Drivers/STM32WLxx_HAL_Driver/Src/stm32wlxx_hal_dma_ex.o
LOAD ./Drivers/STM32WLxx_HAL_Driver/Src/stm32wlxx_hal_exti.o
LOAD ./Drivers/STM32WLxx_HAL_Driver/Src/stm32wlxx_hal_flash.o
LOAD ./Drivers/STM32WLxx_HAL_Driver/Src/stm32wlxx_hal_flash_ex.o
LOAD ./Drivers/STM32WLxx_HAL_Driver/Src/stm32wlxx_hal_gpio.o
LOAD ./Drivers/STM32WLxx_HAL_Driver/Src/stm32wlxx_hal_pwr.o
LOAD ./Drivers/STM32WLxx_HAL_Driver/Src/stm32wlxx_hal_pwr_ex.o
LOAD ./Drivers/STM32WLxx_HAL_Driver/Src/stm32wlxx_hal_rcc.o
LOAD ./Drivers/STM32WLxx_HAL_Driver/Src/stm32wlxx_hal_rcc_ex.o
LOAD ./Drivers/STM32WLxx_HAL_Driver/Src/stm32wlxx_hal_subghz.o
LOAD ./Drivers/STM32WLxx_HAL_Driver/Src/stm32wlxx_hal_tim.o
LOAD ./Drivers/STM32WLxx_HAL_Driver/Src/stm32wlxx_hal_tim_ex.o
LOAD ./Drivers/STM32WLxx_HAL_Driver/Src/stm32wlxx_hal_uart.o
LOAD ./Drivers/STM32WLxx_HAL_Driver/Src/stm32wlxx_hal_uart_ex.o
LOAD ./Drivers/STM32WLxx_Nucleo/stm32wlxx_nucleo.o
LOAD ./Drivers/STM32WLxx_Nucleo/stm32wlxx_nucleo_radio.o
LOAD ./Middlewares/Third_Party/SubGHz_Phy/stm32_radio_driver/lr_fhss_mac.o
LOAD ./Middlewares/Third_Party/SubGHz_Phy/stm32_radio_driver/radio.o
LOAD ./Middlewares/Third_Party/SubGHz_Phy/stm32_radio_driver/radio_driver.o
LOAD ./Middlewares/Third_Party/SubGHz_Phy/stm32_radio_driver/radio_fw.o
LOAD ./Middlewares/Third_Party/SubGHz_Phy/stm32_radio_driver/wl_lr_fhss.o
LOAD ./SubGHz_Phy/App/app_subghz_phy.o
LOAD ./SubGHz_Phy/App/subghz_phy_app.o
LOAD ./SubGHz_Phy/Target/radio_board_if.o
LOAD ./Utilities/lpm/tiny_lpm/stm32_lpm.o
LOAD ./Utilities/misc/stm32_mem.o
LOAD ./Utilities/misc/stm32_systime.o
LOAD ./Utilities/misc/stm32_tiny_sscanf.o
LOAD ./Utilities/misc/stm32_tiny_vsnprintf.o
LOAD ./Utilities/sequencer/stm32_seq.o
LOAD ./Utilities/timer/stm32_timer.o
LOAD ./Utilities/trace/adv_trace/stm32_adv_trace.o
START GROUP
LOAD /Applications/STM32CubeIDE.app/Contents/Eclipse/plugins/com.st.stm32cube.ide.mcu.externaltools.gnu-tools-for-stm32.11.3.rel1.macos64_1.1.0.202305231506/tools/bin/../lib/gcc/arm-none-eabi/11.3.1/../../../../arm-none-eabi/lib/thumb/v7e-m/nofp/libc_nano.a
LOAD /Applications/STM32CubeIDE.app/Contents/Eclipse/plugins/com.st.stm32cube.ide.mcu.externaltools.gnu-tools-for-stm32.11.3.rel1.macos64_1.1.0.202305231506/tools/bin/../lib/gcc/arm-none-eabi/11.3.1/../../../../arm-none-eabi/lib/thumb/v7e-m/nofp/libm.a
END GROUP
START GROUP
LOAD /Applications/STM32CubeIDE.app/Contents/Eclipse/plugins/com.st.stm32cube.ide.mcu.externaltools.gnu-tools-for-stm32.11.3.rel1.macos64_1.1.0.202305231506/tools/bin/../lib/gcc/arm-none-eabi/11.3.1/thumb/v7e-m/nofp/libgcc.a
LOAD /Applications/STM32CubeIDE.app/Contents/Eclipse/plugins/com.st.stm32cube.ide.mcu.externaltools.gnu-tools-for-stm32.11.3.rel1.macos64_1.1.0.202305231506/tools/bin/../lib/gcc/arm-none-eabi/11.3.1/../../../../arm-none-eabi/lib/thumb/v7e-m/nofp/libc_nano.a
END GROUP
START GROUP
LOAD /Applications/STM32CubeIDE.app/Contents/Eclipse/plugins/com.st.stm32cube.ide.mcu.externaltools.gnu-tools-for-stm32.11.3.rel1.macos64_1.1.0.202305231506/tools/bin/../lib/gcc/arm-none-eabi/11.3.1/thumb/v7e-m/nofp/libgcc.a
LOAD /Applications/STM32CubeIDE.app/Contents/Eclipse/plugins/com.st.stm32cube.ide.mcu.externaltools.gnu-tools-for-stm32.11.3.rel1.macos64_1.1.0.202305231506/tools/bin/../lib/gcc/arm-none-eabi/11.3.1/../../../../arm-none-eabi/lib/thumb/v7e-m/nofp/libc_nano.a
LOAD /Applications/STM32CubeIDE.app/Contents/Eclipse/plugins/com.st.stm32cube.ide.mcu.externaltools.gnu-tools-for-stm32.11.3.rel1.macos64_1.1.0.202305231506/tools/bin/../lib/gcc/arm-none-eabi/11.3.1/../../../../arm-none-eabi/lib/thumb/v7e-m/nofp/libnosys.a
END GROUP
START GROUP
LOAD /Applications/STM32CubeIDE.app/Contents/Eclipse/plugins/com.st.stm32cube.ide.mcu.externaltools.gnu-tools-for-stm32.11.3.rel1.macos64_1.1.0.202305231506/tools/bin/../lib/gcc/arm-none-eabi/11.3.1/thumb/v7e-m/nofp/libgcc.a
LOAD /Applications/STM32CubeIDE.app/Contents/Eclipse/plugins/com.st.stm32cube.ide.mcu.externaltools.gnu-tools-for-stm32.11.3.rel1.macos64_1.1.0.202305231506/tools/bin/../lib/gcc/arm-none-eabi/11.3.1/../../../../arm-none-eabi/lib/thumb/v7e-m/nofp/libc_nano.a
LOAD /Applications/STM32CubeIDE.app/Contents/Eclipse/plugins/com.st.stm32cube.ide.mcu.externaltools.gnu-tools-for-stm32.11.3.rel1.macos64_1.1.0.202305231506/tools/bin/../lib/gcc/arm-none-eabi/11.3.1/../../../../arm-none-eabi/lib/thumb/v7e-m/nofp/libnosys.a
END GROUP
LOAD /Applications/STM32CubeIDE.app/Contents/Eclipse/plugins/com.st.stm32cube.ide.mcu.externaltools.gnu-tools-for-stm32.11.3.rel1.macos64_1.1.0.202305231506/tools/bin/../lib/gcc/arm-none-eabi/11.3.1/thumb/v7e-m/nofp/crtend.o
LOAD /Applications/STM32CubeIDE.app/Contents/Eclipse/plugins/com.st.stm32cube.ide.mcu.externaltools.gnu-tools-for-stm32.11.3.rel1.macos64_1.1.0.202305231506/tools/bin/../lib/gcc/arm-none-eabi/11.3.1/thumb/v7e-m/nofp/crtn.o
                0x0000000020010000                _estack = (ORIGIN (RAM) + LENGTH (RAM))
                0x0000000000000200                _Min_Heap_Size = 0x200
                0x0000000000000400                _Min_Stack_Size = 0x400

.isr_vector     0x0000000008000000      0x138
                0x0000000008000000                . = ALIGN (0x4)
 *(.isr_vector)
 .isr_vector    0x0000000008000000      0x138 ./Core/Startup/startup_stm32wl55jcix.o
                0x0000000008000000                g_pfnVectors
                0x0000000008000138                . = ALIGN (0x4)

.text           0x0000000008000140     0xadcc
                0x0000000008000140                . = ALIGN (0x4)
 *(.text)
 .text          0x0000000008000140       0x40 /Applications/STM32CubeIDE.app/Contents/Eclipse/plugins/com.st.stm32cube.ide.mcu.externaltools.gnu-tools-for-stm32.11.3.rel1.macos64_1.1.0.202305231506/tools/bin/../lib/gcc/arm-none-eabi/11.3.1/thumb/v7e-m/nofp/crtbegin.o
 .text          0x0000000008000180       0xa0 /Applications/STM32CubeIDE.app/Contents/Eclipse/plugins/com.st.stm32cube.ide.mcu.externaltools.gnu-tools-for-stm32.11.3.rel1.macos64_1.1.0.202305231506/tools/bin/../lib/gcc/arm-none-eabi/11.3.1/../../../../arm-none-eabi/lib/thumb/v7e-m/nofp/libc_nano.a(libc_a-memchr.o)
                0x0000000008000180                memchr
 .text          0x0000000008000220       0x30 /Applications/STM32CubeIDE.app/Contents/Eclipse/plugins/com.st.stm32cube.ide.mcu.externaltools.gnu-tools-for-stm32.11.3.rel1.macos64_1.1.0.202305231506/tools/bin/../lib/gcc/arm-none-eabi/11.3.1/thumb/v7e-m/nofp/libgcc.a(_aeabi_uldivmod.o)
                0x0000000008000220                __aeabi_uldivmod
 .text          0x0000000008000250      0x2c8 /Applications/STM32CubeIDE.app/Contents/Eclipse/plugins/com.st.stm32cube.ide.mcu.externaltools.gnu-tools-for-stm32.11.3.rel1.macos64_1.1.0.202305231506/tools/bin/../lib/gcc/arm-none-eabi/11.3.1/thumb/v7e-m/nofp/libgcc.a(_udivmoddi4.o)
                0x0000000008000250                __udivmoddi4
 .text          0x0000000008000518        0x4 /Applications/STM32CubeIDE.app/Contents/Eclipse/plugins/com.st.stm32cube.ide.mcu.externaltools.gnu-tools-for-stm32.11.3.rel1.macos64_1.1.0.202305231506/tools/bin/../lib/gcc/arm-none-eabi/11.3.1/thumb/v7e-m/nofp/libgcc.a(_dvmd_tls.o)
                0x0000000008000518                __aeabi_ldiv0
                0x0000000008000518                __aeabi_idiv0
 *(.text*)
 .text.updatePacket
                0x000000000800051c       0xa0 ./Core/Src/ax25_generator.o
                0x000000000800051c                updatePacket
 .text.AX_25PacketFormation
                0x00000000080005bc      0x244 ./Core/Src/ax25_generator.o
                0x00000000080005bc                AX_25PacketFormation
 .text.delay_us
                0x0000000008000800       0x34 ./Core/Src/com_debug.o
                0x0000000008000800                delay_us
 .text.myDebug  0x0000000008000834       0x48 ./Core/Src/com_debug.o
                0x0000000008000834                myDebug
 .text.bufferSize
                0x000000000800087c       0x2c ./Core/Src/com_debug.o
                0x000000000800087c                bufferSize
 .text.calculateCRC_CCITT_AX25
                0x00000000080008a8       0x7e ./Core/Src/error_detection.o
                0x00000000080008a8                calculateCRC_CCITT_AX25
 .text.LL_AHB1_GRP1_EnableClock
                0x0000000008000926       0x30 ./Core/Src/main.o
 .text.LL_AHB2_GRP1_EnableClock
                0x0000000008000956       0x30 ./Core/Src/main.o
 *fill*         0x0000000008000986        0x2 
 .text.main     0x0000000008000988      0x2e0 ./Core/Src/main.o
                0x0000000008000988                main
 .text.SystemClock_Config
                0x0000000008000c68       0xc0 ./Core/Src/main.o
                0x0000000008000c68                SystemClock_Config
 .text.MX_SUBGHZ_Init
                0x0000000008000d28       0x24 ./Core/Src/main.o
                0x0000000008000d28                MX_SUBGHZ_Init
 .text.MX_TIM1_Init
                0x0000000008000d4c       0xa8 ./Core/Src/main.o
 .text.MX_TIM2_Init
                0x0000000008000df4       0x9c ./Core/Src/main.o
 .text.MX_USART1_UART_Init
                0x0000000008000e90       0x98 ./Core/Src/main.o
 .text.MX_USART2_UART_Init
                0x0000000008000f28       0x98 ./Core/Src/main.o
 .text.MX_DMA_Init
                0x0000000008000fc0       0x34 ./Core/Src/main.o
 .text.MX_GPIO_Init
                0x0000000008000ff4       0xb4 ./Core/Src/main.o
 .text.HAL_UART_RxCpltCallback
                0x00000000080010a8       0xe0 ./Core/Src/main.o
                0x00000000080010a8                HAL_UART_RxCpltCallback
 .text.DioIrqHndlr
                0x0000000008001188      0x2c0 ./Core/Src/main.o
                0x0000000008001188                DioIrqHndlr
 .text.Error_Handler
                0x0000000008001448        0xa ./Core/Src/main.o
                0x0000000008001448                Error_Handler
 *fill*         0x0000000008001452        0x2 
 .text.WAIT_FOR_HANDSHAKE
                0x0000000008001454      0x12c ./Core/Src/obc_interface.o
                0x0000000008001454                WAIT_FOR_HANDSHAKE
 .text.LL_AHB2_GRP1_EnableClock
                0x0000000008001580       0x30 ./Core/Src/stm32wlxx_hal_msp.o
 .text.LL_APB1_GRP1_EnableClock
                0x00000000080015b0       0x30 ./Core/Src/stm32wlxx_hal_msp.o
 .text.LL_APB2_GRP1_EnableClock
                0x00000000080015e0       0x30 ./Core/Src/stm32wlxx_hal_msp.o
 .text.LL_APB3_GRP1_EnableClock
                0x0000000008001610       0x30 ./Core/Src/stm32wlxx_hal_msp.o
 .text.HAL_MspInit
                0x0000000008001640        0xc ./Core/Src/stm32wlxx_hal_msp.o
                0x0000000008001640                HAL_MspInit
 .text.HAL_SUBGHZ_MspInit
                0x000000000800164c       0x26 ./Core/Src/stm32wlxx_hal_msp.o
                0x000000000800164c                HAL_SUBGHZ_MspInit
 *fill*         0x0000000008001672        0x2 
 .text.HAL_TIM_Base_MspInit
                0x0000000008001674       0x48 ./Core/Src/stm32wlxx_hal_msp.o
                0x0000000008001674                HAL_TIM_Base_MspInit
 .text.HAL_UART_MspInit
                0x00000000080016bc      0x1e8 ./Core/Src/stm32wlxx_hal_msp.o
                0x00000000080016bc                HAL_UART_MspInit
 .text.NMI_Handler
                0x00000000080018a4        0x6 ./Core/Src/stm32wlxx_it.o
                0x00000000080018a4                NMI_Handler
 .text.HardFault_Handler
                0x00000000080018aa        0x6 ./Core/Src/stm32wlxx_it.o
                0x00000000080018aa                HardFault_Handler
 .text.MemManage_Handler
                0x00000000080018b0        0x6 ./Core/Src/stm32wlxx_it.o
                0x00000000080018b0                MemManage_Handler
 .text.BusFault_Handler
                0x00000000080018b6        0x6 ./Core/Src/stm32wlxx_it.o
                0x00000000080018b6                BusFault_Handler
 .text.UsageFault_Handler
                0x00000000080018bc        0x6 ./Core/Src/stm32wlxx_it.o
                0x00000000080018bc                UsageFault_Handler
 .text.SVC_Handler
                0x00000000080018c2        0xc ./Core/Src/stm32wlxx_it.o
                0x00000000080018c2                SVC_Handler
 .text.DebugMon_Handler
                0x00000000080018ce        0xc ./Core/Src/stm32wlxx_it.o
                0x00000000080018ce                DebugMon_Handler
 .text.PendSV_Handler
                0x00000000080018da        0xc ./Core/Src/stm32wlxx_it.o
                0x00000000080018da                PendSV_Handler
 .text.SysTick_Handler
                0x00000000080018e6        0xc ./Core/Src/stm32wlxx_it.o
                0x00000000080018e6                SysTick_Handler
 *fill*         0x00000000080018f2        0x2 
 .text.DMA1_Channel1_IRQHandler
                0x00000000080018f4       0x14 ./Core/Src/stm32wlxx_it.o
                0x00000000080018f4                DMA1_Channel1_IRQHandler
 .text.DMA1_Channel2_IRQHandler
                0x0000000008001908       0x14 ./Core/Src/stm32wlxx_it.o
                0x0000000008001908                DMA1_Channel2_IRQHandler
 .text.TIM1_UP_IRQHandler
                0x000000000800191c       0x14 ./Core/Src/stm32wlxx_it.o
                0x000000000800191c                TIM1_UP_IRQHandler
 .text.USART1_IRQHandler
                0x0000000008001930       0x14 ./Core/Src/stm32wlxx_it.o
                0x0000000008001930                USART1_IRQHandler
 .text.USART2_IRQHandler
                0x0000000008001944       0x14 ./Core/Src/stm32wlxx_it.o
                0x0000000008001944                USART2_IRQHandler
 .text.SUBGHZ_Radio_IRQHandler
                0x0000000008001958       0x14 ./Core/Src/stm32wlxx_it.o
                0x0000000008001958                SUBGHZ_Radio_IRQHandler
 .text.SystemApp_Init
                0x000000000800196c        0xc ./Core/Src/sys_app.o
                0x000000000800196c                SystemApp_Init
 .text.HAL_GetTick
                0x0000000008001978       0x28 ./Core/Src/sys_app.o
                0x0000000008001978                HAL_GetTick
 .text.HAL_Delay
                0x00000000080019a0       0x18 ./Core/Src/sys_app.o
                0x00000000080019a0                HAL_Delay
 .text._sbrk    0x00000000080019b8       0x6c ./Core/Src/sysmem.o
                0x00000000080019b8                _sbrk
 .text.SystemInit
                0x0000000008001a24        0xc ./Core/Src/system_stm32wlxx.o
                0x0000000008001a24                SystemInit
 .text.TIMER_IF_Init
                0x0000000008001a30       0x16 ./Core/Src/timer_if.o
                0x0000000008001a30                TIMER_IF_Init
 .text.TIMER_IF_StartTimer
                0x0000000008001a46       0x18 ./Core/Src/timer_if.o
                0x0000000008001a46                TIMER_IF_StartTimer
 .text.TIMER_IF_StopTimer
                0x0000000008001a5e       0x16 ./Core/Src/timer_if.o
                0x0000000008001a5e                TIMER_IF_StopTimer
 .text.TIMER_IF_SetTimerContext
                0x0000000008001a74       0x14 ./Core/Src/timer_if.o
                0x0000000008001a74                TIMER_IF_SetTimerContext
 .text.TIMER_IF_GetTimerContext
                0x0000000008001a88       0x14 ./Core/Src/timer_if.o
                0x0000000008001a88                TIMER_IF_GetTimerContext
 .text.TIMER_IF_GetTimerElapsedTime
                0x0000000008001a9c       0x16 ./Core/Src/timer_if.o
                0x0000000008001a9c                TIMER_IF_GetTimerElapsedTime
 .text.TIMER_IF_GetTimerValue
                0x0000000008001ab2       0x16 ./Core/Src/timer_if.o
                0x0000000008001ab2                TIMER_IF_GetTimerValue
 .text.TIMER_IF_GetMinimumTimeout
                0x0000000008001ac8       0x16 ./Core/Src/timer_if.o
                0x0000000008001ac8                TIMER_IF_GetMinimumTimeout
 .text.TIMER_IF_Convert_ms2Tick
                0x0000000008001ade       0x18 ./Core/Src/timer_if.o
                0x0000000008001ade                TIMER_IF_Convert_ms2Tick
 .text.TIMER_IF_Convert_Tick2ms
                0x0000000008001af6       0x18 ./Core/Src/timer_if.o
                0x0000000008001af6                TIMER_IF_Convert_Tick2ms
 .text.TIMER_IF_DelayMs
                0x0000000008001b0e       0x12 ./Core/Src/timer_if.o
                0x0000000008001b0e                TIMER_IF_DelayMs
 .text.Reset_Handler
                0x0000000008001b20       0x50 ./Core/Startup/startup_stm32wl55jcix.o
                0x0000000008001b20                Reset_Handler
 .text.Default_Handler
                0x0000000008001b70        0x2 ./Core/Startup/startup_stm32wl55jcix.o
                0x0000000008001b70                DMA2_Channel3_IRQHandler
                0x0000000008001b70                EXTI2_IRQHandler
                0x0000000008001b70                TIM1_CC_IRQHandler
                0x0000000008001b70                EXTI3_IRQHandler
                0x0000000008001b70                LPTIM2_IRQHandler
                0x0000000008001b70                I2C3_ER_IRQHandler
                0x0000000008001b70                LPTIM3_IRQHandler
                0x0000000008001b70                EXTI0_IRQHandler
                0x0000000008001b70                I2C2_EV_IRQHandler
                0x0000000008001b70                TAMP_STAMP_LSECSS_SSRU_IRQHandler
                0x0000000008001b70                SPI1_IRQHandler
                0x0000000008001b70                DMA2_Channel2_IRQHandler
                0x0000000008001b70                DMA1_Channel4_IRQHandler
                0x0000000008001b70                PKA_IRQHandler
                0x0000000008001b70                TIM17_IRQHandler
                0x0000000008001b70                DMA1_Channel7_IRQHandler
                0x0000000008001b70                SUBGHZSPI_IRQHandler
                0x0000000008001b70                IPCC_C1_TX_IRQHandler
                0x0000000008001b70                DMA2_Channel1_IRQHandler
                0x0000000008001b70                I2C1_EV_IRQHandler
                0x0000000008001b70                DMAMUX1_OVR_IRQHandler
                0x0000000008001b70                DMA1_Channel6_IRQHandler
                0x0000000008001b70                TIM16_IRQHandler
                0x0000000008001b70                DMA2_Channel4_IRQHandler
                0x0000000008001b70                RCC_IRQHandler
                0x0000000008001b70                TIM1_TRG_COM_IRQHandler
                0x0000000008001b70                Default_Handler
                0x0000000008001b70                DMA2_Channel7_IRQHandler
                0x0000000008001b70                EXTI15_10_IRQHandler
                0x0000000008001b70                IPCC_C1_RX_IRQHandler
                0x0000000008001b70                ADC_IRQHandler
                0x0000000008001b70                C2SEV_PWR_C2H_IRQHandler
                0x0000000008001b70                I2C3_EV_IRQHandler
                0x0000000008001b70                EXTI9_5_IRQHandler
                0x0000000008001b70                RTC_WKUP_IRQHandler
                0x0000000008001b70                PVD_PVM_IRQHandler
                0x0000000008001b70                SPI2_IRQHandler
                0x0000000008001b70                DMA2_Channel5_IRQHandler
                0x0000000008001b70                DMA1_Channel5_IRQHandler
                0x0000000008001b70                EXTI4_IRQHandler
                0x0000000008001b70                RNG_IRQHandler
                0x0000000008001b70                DMA1_Channel3_IRQHandler
                0x0000000008001b70                COMP_IRQHandler
                0x0000000008001b70                HSEM_IRQHandler
                0x0000000008001b70                WWDG_IRQHandler
                0x0000000008001b70                LPUART1_IRQHandler
                0x0000000008001b70                DMA2_Channel6_IRQHandler
                0x0000000008001b70                TIM2_IRQHandler
                0x0000000008001b70                TIM1_BRK_IRQHandler
                0x0000000008001b70                DAC_IRQHandler
                0x0000000008001b70                EXTI1_IRQHandler
                0x0000000008001b70                AES_IRQHandler
                0x0000000008001b70                I2C2_ER_IRQHandler
                0x0000000008001b70                FLASH_IRQHandler
                0x0000000008001b70                I2C1_ER_IRQHandler
                0x0000000008001b70                LPTIM1_IRQHandler
                0x0000000008001b70                RTC_Alarm_IRQHandler
 *fill*         0x0000000008001b72        0x2 
 .text.HAL_Init
                0x0000000008001b74       0x40 ./Drivers/STM32WLxx_HAL_Driver/Src/stm32wlxx_hal.o
                0x0000000008001b74                HAL_Init
 .text.HAL_InitTick
                0x0000000008001bb4       0x74 ./Drivers/STM32WLxx_HAL_Driver/Src/stm32wlxx_hal.o
                0x0000000008001bb4                HAL_InitTick
 .text.HAL_IncTick
                0x0000000008001c28       0x24 ./Drivers/STM32WLxx_HAL_Driver/Src/stm32wlxx_hal.o
                0x0000000008001c28                HAL_IncTick
 .text.__NVIC_SetPriorityGrouping
                0x0000000008001c4c       0x48 ./Drivers/STM32WLxx_HAL_Driver/Src/stm32wlxx_hal_cortex.o
 .text.__NVIC_GetPriorityGrouping
                0x0000000008001c94       0x1c ./Drivers/STM32WLxx_HAL_Driver/Src/stm32wlxx_hal_cortex.o
 .text.__NVIC_EnableIRQ
                0x0000000008001cb0       0x38 ./Drivers/STM32WLxx_HAL_Driver/Src/stm32wlxx_hal_cortex.o
 .text.__NVIC_SetPriority
                0x0000000008001ce8       0x54 ./Drivers/STM32WLxx_HAL_Driver/Src/stm32wlxx_hal_cortex.o
 .text.NVIC_EncodePriority
                0x0000000008001d3c       0x64 ./Drivers/STM32WLxx_HAL_Driver/Src/stm32wlxx_hal_cortex.o
 .text.SysTick_Config
                0x0000000008001da0       0x44 ./Drivers/STM32WLxx_HAL_Driver/Src/stm32wlxx_hal_cortex.o
 .text.HAL_NVIC_SetPriorityGrouping
                0x0000000008001de4       0x16 ./Drivers/STM32WLxx_HAL_Driver/Src/stm32wlxx_hal_cortex.o
                0x0000000008001de4                HAL_NVIC_SetPriorityGrouping
 .text.HAL_NVIC_SetPriority
                0x0000000008001dfa       0x34 ./Drivers/STM32WLxx_HAL_Driver/Src/stm32wlxx_hal_cortex.o
                0x0000000008001dfa                HAL_NVIC_SetPriority
 .text.HAL_NVIC_EnableIRQ
                0x0000000008001e2e       0x1c ./Drivers/STM32WLxx_HAL_Driver/Src/stm32wlxx_hal_cortex.o
                0x0000000008001e2e                HAL_NVIC_EnableIRQ
 .text.HAL_SYSTICK_Config
                0x0000000008001e4a       0x18 ./Drivers/STM32WLxx_HAL_Driver/Src/stm32wlxx_hal_cortex.o
                0x0000000008001e4a                HAL_SYSTICK_Config
 *fill*         0x0000000008001e62        0x2 
 .text.HAL_DMA_Init
                0x0000000008001e64      0x150 ./Drivers/STM32WLxx_HAL_Driver/Src/stm32wlxx_hal_dma.o
                0x0000000008001e64                HAL_DMA_Init
 .text.HAL_DMA_Start_IT
                0x0000000008001fb4       0xfc ./Drivers/STM32WLxx_HAL_Driver/Src/stm32wlxx_hal_dma.o
                0x0000000008001fb4                HAL_DMA_Start_IT
 .text.HAL_DMA_Abort
                0x00000000080020b0       0xbc ./Drivers/STM32WLxx_HAL_Driver/Src/stm32wlxx_hal_dma.o
                0x00000000080020b0                HAL_DMA_Abort
 .text.HAL_DMA_Abort_IT
                0x000000000800216c       0xbe ./Drivers/STM32WLxx_HAL_Driver/Src/stm32wlxx_hal_dma.o
                0x000000000800216c                HAL_DMA_Abort_IT
 *fill*         0x000000000800222a        0x2 
 .text.HAL_DMA_IRQHandler
                0x000000000800222c      0x18c ./Drivers/STM32WLxx_HAL_Driver/Src/stm32wlxx_hal_dma.o
                0x000000000800222c                HAL_DMA_IRQHandler
 .text.HAL_DMA_ConfigChannelAttributes
                0x00000000080023b8       0x5e ./Drivers/STM32WLxx_HAL_Driver/Src/stm32wlxx_hal_dma.o
                0x00000000080023b8                HAL_DMA_ConfigChannelAttributes
 .text.DMA_SetConfig
                0x0000000008002416       0x7a ./Drivers/STM32WLxx_HAL_Driver/Src/stm32wlxx_hal_dma.o
 .text.DMA_CalcDMAMUXChannelBaseAndMask
                0x0000000008002490       0x90 ./Drivers/STM32WLxx_HAL_Driver/Src/stm32wlxx_hal_dma.o
 .text.DMA_CalcDMAMUXRequestGenBaseAndMask
                0x0000000008002520       0x48 ./Drivers/STM32WLxx_HAL_Driver/Src/stm32wlxx_hal_dma.o
 .text.HAL_GPIO_Init
                0x0000000008002568      0x2c0 ./Drivers/STM32WLxx_HAL_Driver/Src/stm32wlxx_hal_gpio.o
                0x0000000008002568                HAL_GPIO_Init
 .text.HAL_GPIO_WritePin
                0x0000000008002828       0x2e ./Drivers/STM32WLxx_HAL_Driver/Src/stm32wlxx_hal_gpio.o
                0x0000000008002828                HAL_GPIO_WritePin
 *fill*         0x0000000008002856        0x2 
 .text.HAL_PWR_EnableBkUpAccess
                0x0000000008002858       0x1c ./Drivers/STM32WLxx_HAL_Driver/Src/stm32wlxx_hal_pwr.o
                0x0000000008002858                HAL_PWR_EnableBkUpAccess
 .text.HAL_PWREx_GetVoltageRange
                0x0000000008002874       0x18 ./Drivers/STM32WLxx_HAL_Driver/Src/stm32wlxx_hal_pwr_ex.o
                0x0000000008002874                HAL_PWREx_GetVoltageRange
 .text.LL_PWR_IsEnabledBkUpAccess
                0x000000000800288c       0x24 ./Drivers/STM32WLxx_HAL_Driver/Src/stm32wlxx_hal_rcc.o
 .text.LL_RCC_HSE_EnableTcxo
                0x00000000080028b0       0x1c ./Drivers/STM32WLxx_HAL_Driver/Src/stm32wlxx_hal_rcc.o
 .text.LL_RCC_HSE_DisableTcxo
                0x00000000080028cc       0x1c ./Drivers/STM32WLxx_HAL_Driver/Src/stm32wlxx_hal_rcc.o
 .text.LL_RCC_HSE_IsEnabledDiv2
                0x00000000080028e8       0x22 ./Drivers/STM32WLxx_HAL_Driver/Src/stm32wlxx_hal_rcc.o
 .text.LL_RCC_HSE_Enable
                0x000000000800290a       0x1c ./Drivers/STM32WLxx_HAL_Driver/Src/stm32wlxx_hal_rcc.o
 .text.LL_RCC_HSE_Disable
                0x0000000008002926       0x1c ./Drivers/STM32WLxx_HAL_Driver/Src/stm32wlxx_hal_rcc.o
 .text.LL_RCC_HSE_IsReady
                0x0000000008002942       0x22 ./Drivers/STM32WLxx_HAL_Driver/Src/stm32wlxx_hal_rcc.o
 .text.LL_RCC_HSI_Enable
                0x0000000008002964       0x1c ./Drivers/STM32WLxx_HAL_Driver/Src/stm32wlxx_hal_rcc.o
 .text.LL_RCC_HSI_Disable
                0x0000000008002980       0x1c ./Drivers/STM32WLxx_HAL_Driver/Src/stm32wlxx_hal_rcc.o
 .text.LL_RCC_HSI_IsReady
                0x000000000800299c       0x22 ./Drivers/STM32WLxx_HAL_Driver/Src/stm32wlxx_hal_rcc.o
 .text.LL_RCC_HSI_SetCalibTrimming
                0x00000000080029be       0x28 ./Drivers/STM32WLxx_HAL_Driver/Src/stm32wlxx_hal_rcc.o
 .text.LL_RCC_LSE_IsReady
                0x00000000080029e6       0x22 ./Drivers/STM32WLxx_HAL_Driver/Src/stm32wlxx_hal_rcc.o
 .text.LL_RCC_LSI_Enable
                0x0000000008002a08       0x20 ./Drivers/STM32WLxx_HAL_Driver/Src/stm32wlxx_hal_rcc.o
 .text.LL_RCC_LSI_Disable
                0x0000000008002a28       0x20 ./Drivers/STM32WLxx_HAL_Driver/Src/stm32wlxx_hal_rcc.o
 .text.LL_RCC_LSI_IsReady
                0x0000000008002a48       0x22 ./Drivers/STM32WLxx_HAL_Driver/Src/stm32wlxx_hal_rcc.o
 .text.LL_RCC_MSI_Enable
                0x0000000008002a6a       0x1c ./Drivers/STM32WLxx_HAL_Driver/Src/stm32wlxx_hal_rcc.o
 .text.LL_RCC_MSI_Disable
                0x0000000008002a86       0x1c ./Drivers/STM32WLxx_HAL_Driver/Src/stm32wlxx_hal_rcc.o
 .text.LL_RCC_MSI_IsReady
                0x0000000008002aa2       0x20 ./Drivers/STM32WLxx_HAL_Driver/Src/stm32wlxx_hal_rcc.o
 .text.LL_RCC_MSI_IsEnabledRangeSelect
                0x0000000008002ac2       0x20 ./Drivers/STM32WLxx_HAL_Driver/Src/stm32wlxx_hal_rcc.o
 .text.LL_RCC_MSI_GetRange
                0x0000000008002ae2       0x16 ./Drivers/STM32WLxx_HAL_Driver/Src/stm32wlxx_hal_rcc.o
 .text.LL_RCC_MSI_GetRangeAfterStandby
                0x0000000008002af8       0x18 ./Drivers/STM32WLxx_HAL_Driver/Src/stm32wlxx_hal_rcc.o
 .text.LL_RCC_MSI_SetCalibTrimming
                0x0000000008002b10       0x28 ./Drivers/STM32WLxx_HAL_Driver/Src/stm32wlxx_hal_rcc.o
 .text.LL_RCC_SetSysClkSource
                0x0000000008002b38       0x26 ./Drivers/STM32WLxx_HAL_Driver/Src/stm32wlxx_hal_rcc.o
 .text.LL_RCC_GetSysClkSource
                0x0000000008002b5e       0x16 ./Drivers/STM32WLxx_HAL_Driver/Src/stm32wlxx_hal_rcc.o
 .text.LL_RCC_SetAHBPrescaler
                0x0000000008002b74       0x26 ./Drivers/STM32WLxx_HAL_Driver/Src/stm32wlxx_hal_rcc.o
 .text.LL_C2_RCC_SetAHBPrescaler
                0x0000000008002b9a       0x2a ./Drivers/STM32WLxx_HAL_Driver/Src/stm32wlxx_hal_rcc.o
 .text.LL_RCC_SetAHB3Prescaler
                0x0000000008002bc4       0x2c ./Drivers/STM32WLxx_HAL_Driver/Src/stm32wlxx_hal_rcc.o
 .text.LL_RCC_SetAPB1Prescaler
                0x0000000008002bf0       0x26 ./Drivers/STM32WLxx_HAL_Driver/Src/stm32wlxx_hal_rcc.o
 .text.LL_RCC_SetAPB2Prescaler
                0x0000000008002c16       0x26 ./Drivers/STM32WLxx_HAL_Driver/Src/stm32wlxx_hal_rcc.o
 .text.LL_RCC_GetAHBPrescaler
                0x0000000008002c3c       0x16 ./Drivers/STM32WLxx_HAL_Driver/Src/stm32wlxx_hal_rcc.o
 .text.LL_RCC_GetAHB3Prescaler
                0x0000000008002c52       0x1a ./Drivers/STM32WLxx_HAL_Driver/Src/stm32wlxx_hal_rcc.o
 .text.LL_RCC_GetAPB1Prescaler
                0x0000000008002c6c       0x16 ./Drivers/STM32WLxx_HAL_Driver/Src/stm32wlxx_hal_rcc.o
 .text.LL_RCC_GetAPB2Prescaler
                0x0000000008002c82       0x16 ./Drivers/STM32WLxx_HAL_Driver/Src/stm32wlxx_hal_rcc.o
 .text.LL_RCC_PLL_Enable
                0x0000000008002c98       0x1c ./Drivers/STM32WLxx_HAL_Driver/Src/stm32wlxx_hal_rcc.o
 .text.LL_RCC_PLL_Disable
                0x0000000008002cb4       0x1c ./Drivers/STM32WLxx_HAL_Driver/Src/stm32wlxx_hal_rcc.o
 .text.LL_RCC_PLL_IsReady
                0x0000000008002cd0       0x22 ./Drivers/STM32WLxx_HAL_Driver/Src/stm32wlxx_hal_rcc.o
 .text.LL_RCC_PLL_GetN
                0x0000000008002cf2       0x18 ./Drivers/STM32WLxx_HAL_Driver/Src/stm32wlxx_hal_rcc.o
 .text.LL_RCC_PLL_GetR
                0x0000000008002d0a       0x16 ./Drivers/STM32WLxx_HAL_Driver/Src/stm32wlxx_hal_rcc.o
 .text.LL_RCC_PLL_GetDivider
                0x0000000008002d20       0x16 ./Drivers/STM32WLxx_HAL_Driver/Src/stm32wlxx_hal_rcc.o
 .text.LL_RCC_PLL_GetMainSource
                0x0000000008002d36       0x16 ./Drivers/STM32WLxx_HAL_Driver/Src/stm32wlxx_hal_rcc.o
 .text.LL_RCC_IsActiveFlag_HPRE
                0x0000000008002d4c       0x22 ./Drivers/STM32WLxx_HAL_Driver/Src/stm32wlxx_hal_rcc.o
 .text.LL_RCC_IsActiveFlag_C2HPRE
                0x0000000008002d6e       0x24 ./Drivers/STM32WLxx_HAL_Driver/Src/stm32wlxx_hal_rcc.o
 .text.LL_RCC_IsActiveFlag_SHDHPRE
                0x0000000008002d92       0x24 ./Drivers/STM32WLxx_HAL_Driver/Src/stm32wlxx_hal_rcc.o
 .text.LL_RCC_IsActiveFlag_PPRE1
                0x0000000008002db6       0x22 ./Drivers/STM32WLxx_HAL_Driver/Src/stm32wlxx_hal_rcc.o
 .text.LL_RCC_IsActiveFlag_PPRE2
                0x0000000008002dd8       0x22 ./Drivers/STM32WLxx_HAL_Driver/Src/stm32wlxx_hal_rcc.o
 *fill*         0x0000000008002dfa        0x2 
 .text.HAL_RCC_OscConfig
                0x0000000008002dfc      0x704 ./Drivers/STM32WLxx_HAL_Driver/Src/stm32wlxx_hal_rcc.o
                0x0000000008002dfc                HAL_RCC_OscConfig
 .text.HAL_RCC_ClockConfig
                0x0000000008003500      0x284 ./Drivers/STM32WLxx_HAL_Driver/Src/stm32wlxx_hal_rcc.o
                0x0000000008003500                HAL_RCC_ClockConfig
 .text.HAL_RCC_GetSysClockFreq
                0x0000000008003784      0x140 ./Drivers/STM32WLxx_HAL_Driver/Src/stm32wlxx_hal_rcc.o
                0x0000000008003784                HAL_RCC_GetSysClockFreq
 .text.HAL_RCC_GetHCLKFreq
                0x00000000080038c4       0x28 ./Drivers/STM32WLxx_HAL_Driver/Src/stm32wlxx_hal_rcc.o
                0x00000000080038c4                HAL_RCC_GetHCLKFreq
 .text.HAL_RCC_GetPCLK1Freq
                0x00000000080038ec       0x24 ./Drivers/STM32WLxx_HAL_Driver/Src/stm32wlxx_hal_rcc.o
                0x00000000080038ec                HAL_RCC_GetPCLK1Freq
 .text.HAL_RCC_GetPCLK2Freq
                0x0000000008003910       0x24 ./Drivers/STM32WLxx_HAL_Driver/Src/stm32wlxx_hal_rcc.o
                0x0000000008003910                HAL_RCC_GetPCLK2Freq
 .text.RCC_SetFlashLatencyFromMSIRange
                0x0000000008003934       0x60 ./Drivers/STM32WLxx_HAL_Driver/Src/stm32wlxx_hal_rcc.o
 .text.RCC_SetFlashLatency
                0x0000000008003994      0x104 ./Drivers/STM32WLxx_HAL_Driver/Src/stm32wlxx_hal_rcc.o
 .text.LL_RCC_LSE_IsReady
                0x0000000008003a98       0x22 ./Drivers/STM32WLxx_HAL_Driver/Src/stm32wlxx_hal_rcc_ex.o
 .text.LL_RCC_SetUSARTClockSource
                0x0000000008003aba       0x30 ./Drivers/STM32WLxx_HAL_Driver/Src/stm32wlxx_hal_rcc_ex.o
 .text.LL_RCC_SetI2SClockSource
                0x0000000008003aea       0x2a ./Drivers/STM32WLxx_HAL_Driver/Src/stm32wlxx_hal_rcc_ex.o
 .text.LL_RCC_SetLPUARTClockSource
                0x0000000008003b14       0x2a ./Drivers/STM32WLxx_HAL_Driver/Src/stm32wlxx_hal_rcc_ex.o
 .text.LL_RCC_SetI2CClockSource
                0x0000000008003b3e       0x38 ./Drivers/STM32WLxx_HAL_Driver/Src/stm32wlxx_hal_rcc_ex.o
 .text.LL_RCC_SetLPTIMClockSource
                0x0000000008003b76       0x32 ./Drivers/STM32WLxx_HAL_Driver/Src/stm32wlxx_hal_rcc_ex.o
 .text.LL_RCC_SetRNGClockSource
                0x0000000008003ba8       0x2a ./Drivers/STM32WLxx_HAL_Driver/Src/stm32wlxx_hal_rcc_ex.o
 .text.LL_RCC_SetADCClockSource
                0x0000000008003bd2       0x2a ./Drivers/STM32WLxx_HAL_Driver/Src/stm32wlxx_hal_rcc_ex.o
 .text.LL_RCC_SetRTCClockSource
                0x0000000008003bfc       0x2a ./Drivers/STM32WLxx_HAL_Driver/Src/stm32wlxx_hal_rcc_ex.o
 .text.LL_RCC_GetRTCClockSource
                0x0000000008003c26       0x18 ./Drivers/STM32WLxx_HAL_Driver/Src/stm32wlxx_hal_rcc_ex.o
 .text.LL_RCC_ForceBackupDomainReset
                0x0000000008003c3e       0x20 ./Drivers/STM32WLxx_HAL_Driver/Src/stm32wlxx_hal_rcc_ex.o
 .text.LL_RCC_ReleaseBackupDomainReset
                0x0000000008003c5e       0x20 ./Drivers/STM32WLxx_HAL_Driver/Src/stm32wlxx_hal_rcc_ex.o
 *fill*         0x0000000008003c7e        0x2 
 .text.HAL_RCCEx_PeriphCLKConfig
                0x0000000008003c80      0x234 ./Drivers/STM32WLxx_HAL_Driver/Src/stm32wlxx_hal_rcc_ex.o
                0x0000000008003c80                HAL_RCCEx_PeriphCLKConfig
 .text.LL_PWR_SetRadioBusyTrigger
                0x0000000008003eb4       0x28 ./Drivers/STM32WLxx_HAL_Driver/Src/stm32wlxx_hal_subghz.o
 .text.LL_PWR_UnselectSUBGHZSPI_NSS
                0x0000000008003edc       0x20 ./Drivers/STM32WLxx_HAL_Driver/Src/stm32wlxx_hal_subghz.o
 .text.LL_PWR_SelectSUBGHZSPI_NSS
                0x0000000008003efc       0x20 ./Drivers/STM32WLxx_HAL_Driver/Src/stm32wlxx_hal_subghz.o
 .text.LL_PWR_ClearFlag_RFBUSY
                0x0000000008003f1c       0x18 ./Drivers/STM32WLxx_HAL_Driver/Src/stm32wlxx_hal_subghz.o
 .text.LL_PWR_IsActiveFlag_RFBUSYS
                0x0000000008003f34       0x24 ./Drivers/STM32WLxx_HAL_Driver/Src/stm32wlxx_hal_subghz.o
 .text.LL_PWR_IsActiveFlag_RFBUSYMS
                0x0000000008003f58       0x24 ./Drivers/STM32WLxx_HAL_Driver/Src/stm32wlxx_hal_subghz.o
 .text.LL_RCC_RF_DisableReset
                0x0000000008003f7c       0x20 ./Drivers/STM32WLxx_HAL_Driver/Src/stm32wlxx_hal_subghz.o
 .text.LL_RCC_IsRFUnderReset
                0x0000000008003f9c       0x24 ./Drivers/STM32WLxx_HAL_Driver/Src/stm32wlxx_hal_subghz.o
 .text.LL_EXTI_EnableIT_32_63
                0x0000000008003fc0       0x28 ./Drivers/STM32WLxx_HAL_Driver/Src/stm32wlxx_hal_subghz.o
 .text.HAL_SUBGHZ_Init
                0x0000000008003fe8       0xc8 ./Drivers/STM32WLxx_HAL_Driver/Src/stm32wlxx_hal_subghz.o
                0x0000000008003fe8                HAL_SUBGHZ_Init
 .text.HAL_SUBGHZ_WriteRegisters
                0x00000000080040b0       0xbe ./Drivers/STM32WLxx_HAL_Driver/Src/stm32wlxx_hal_subghz.o
                0x00000000080040b0                HAL_SUBGHZ_WriteRegisters
 .text.HAL_SUBGHZ_ReadRegisters
                0x000000000800416e       0xc2 ./Drivers/STM32WLxx_HAL_Driver/Src/stm32wlxx_hal_subghz.o
                0x000000000800416e                HAL_SUBGHZ_ReadRegisters
 .text.HAL_SUBGHZ_ExecSetCmd
                0x0000000008004230       0xbe ./Drivers/STM32WLxx_HAL_Driver/Src/stm32wlxx_hal_subghz.o
                0x0000000008004230                HAL_SUBGHZ_ExecSetCmd
 .text.HAL_SUBGHZ_ExecGetCmd
                0x00000000080042ee       0xa8 ./Drivers/STM32WLxx_HAL_Driver/Src/stm32wlxx_hal_subghz.o
                0x00000000080042ee                HAL_SUBGHZ_ExecGetCmd
 .text.HAL_SUBGHZ_WriteBuffer
                0x0000000008004396       0xa6 ./Drivers/STM32WLxx_HAL_Driver/Src/stm32wlxx_hal_subghz.o
                0x0000000008004396                HAL_SUBGHZ_WriteBuffer
 .text.HAL_SUBGHZ_ReadBuffer
                0x000000000800443c       0xb0 ./Drivers/STM32WLxx_HAL_Driver/Src/stm32wlxx_hal_subghz.o
                0x000000000800443c                HAL_SUBGHZ_ReadBuffer
 .text.HAL_SUBGHZ_IRQHandler
                0x00000000080044ec       0xfa ./Drivers/STM32WLxx_HAL_Driver/Src/stm32wlxx_hal_subghz.o
                0x00000000080044ec                HAL_SUBGHZ_IRQHandler
 *fill*         0x00000000080045e6        0x2 
 .text.SUBGHZSPI_Init
                0x00000000080045e8       0x40 ./Drivers/STM32WLxx_HAL_Driver/Src/stm32wlxx_hal_subghz.o
                0x00000000080045e8                SUBGHZSPI_Init
 .text.SUBGHZSPI_Transmit
                0x0000000008004628       0xac ./Drivers/STM32WLxx_HAL_Driver/Src/stm32wlxx_hal_subghz.o
                0x0000000008004628                SUBGHZSPI_Transmit
 .text.SUBGHZSPI_Receive
                0x00000000080046d4       0xb0 ./Drivers/STM32WLxx_HAL_Driver/Src/stm32wlxx_hal_subghz.o
                0x00000000080046d4                SUBGHZSPI_Receive
 .text.SUBGHZ_CheckDeviceReady
                0x0000000008004784       0x48 ./Drivers/STM32WLxx_HAL_Driver/Src/stm32wlxx_hal_subghz.o
                0x0000000008004784                SUBGHZ_CheckDeviceReady
 .text.SUBGHZ_WaitOnBusy
                0x00000000080047cc       0x5c ./Drivers/STM32WLxx_HAL_Driver/Src/stm32wlxx_hal_subghz.o
                0x00000000080047cc                SUBGHZ_WaitOnBusy
 .text.HAL_TIM_Base_Init
                0x0000000008004828       0xae ./Drivers/STM32WLxx_HAL_Driver/Src/stm32wlxx_hal_tim.o
                0x0000000008004828                HAL_TIM_Base_Init
 *fill*         0x00000000080048d6        0x2 
 .text.HAL_TIM_Base_Start
                0x00000000080048d8       0x88 ./Drivers/STM32WLxx_HAL_Driver/Src/stm32wlxx_hal_tim.o
                0x00000000080048d8                HAL_TIM_Base_Start
 .text.HAL_TIM_IRQHandler
                0x0000000008004960      0x23e ./Drivers/STM32WLxx_HAL_Driver/Src/stm32wlxx_hal_tim.o
                0x0000000008004960                HAL_TIM_IRQHandler
 .text.HAL_TIM_ConfigClockSource
                0x0000000008004b9e      0x192 ./Drivers/STM32WLxx_HAL_Driver/Src/stm32wlxx_hal_tim.o
                0x0000000008004b9e                HAL_TIM_ConfigClockSource
 .text.HAL_TIM_PeriodElapsedCallback
                0x0000000008004d30       0x12 ./Drivers/STM32WLxx_HAL_Driver/Src/stm32wlxx_hal_tim.o
                0x0000000008004d30                HAL_TIM_PeriodElapsedCallback
 .text.HAL_TIM_OC_DelayElapsedCallback
                0x0000000008004d42       0x12 ./Drivers/STM32WLxx_HAL_Driver/Src/stm32wlxx_hal_tim.o
                0x0000000008004d42                HAL_TIM_OC_DelayElapsedCallback
 .text.HAL_TIM_IC_CaptureCallback
                0x0000000008004d54       0x12 ./Drivers/STM32WLxx_HAL_Driver/Src/stm32wlxx_hal_tim.o
                0x0000000008004d54                HAL_TIM_IC_CaptureCallback
 .text.HAL_TIM_PWM_PulseFinishedCallback
                0x0000000008004d66       0x12 ./Drivers/STM32WLxx_HAL_Driver/Src/stm32wlxx_hal_tim.o
                0x0000000008004d66                HAL_TIM_PWM_PulseFinishedCallback
 .text.HAL_TIM_TriggerCallback
                0x0000000008004d78       0x12 ./Drivers/STM32WLxx_HAL_Driver/Src/stm32wlxx_hal_tim.o
                0x0000000008004d78                HAL_TIM_TriggerCallback
 *fill*         0x0000000008004d8a        0x2 
 .text.TIM_Base_SetConfig
                0x0000000008004d8c       0xc4 ./Drivers/STM32WLxx_HAL_Driver/Src/stm32wlxx_hal_tim.o
                0x0000000008004d8c                TIM_Base_SetConfig
 .text.TIM_TI1_ConfigInputStage
                0x0000000008004e50       0x5c ./Drivers/STM32WLxx_HAL_Driver/Src/stm32wlxx_hal_tim.o
 .text.TIM_TI2_ConfigInputStage
                0x0000000008004eac       0x5e ./Drivers/STM32WLxx_HAL_Driver/Src/stm32wlxx_hal_tim.o
 .text.TIM_ITRx_SetConfig
                0x0000000008004f0a       0x38 ./Drivers/STM32WLxx_HAL_Driver/Src/stm32wlxx_hal_tim.o
 .text.TIM_ETR_SetConfig
                0x0000000008004f42       0x3e ./Drivers/STM32WLxx_HAL_Driver/Src/stm32wlxx_hal_tim.o
                0x0000000008004f42                TIM_ETR_SetConfig
 .text.HAL_TIMEx_MasterConfigSynchronization
                0x0000000008004f80       0xbc ./Drivers/STM32WLxx_HAL_Driver/Src/stm32wlxx_hal_tim_ex.o
                0x0000000008004f80                HAL_TIMEx_MasterConfigSynchronization
 .text.HAL_TIMEx_CommutCallback
                0x000000000800503c       0x12 ./Drivers/STM32WLxx_HAL_Driver/Src/stm32wlxx_hal_tim_ex.o
                0x000000000800503c                HAL_TIMEx_CommutCallback
 .text.HAL_TIMEx_BreakCallback
                0x000000000800504e       0x12 ./Drivers/STM32WLxx_HAL_Driver/Src/stm32wlxx_hal_tim_ex.o
                0x000000000800504e                HAL_TIMEx_BreakCallback
 .text.HAL_TIMEx_Break2Callback
                0x0000000008005060       0x12 ./Drivers/STM32WLxx_HAL_Driver/Src/stm32wlxx_hal_tim_ex.o
                0x0000000008005060                HAL_TIMEx_Break2Callback
 .text.LL_RCC_GetUSARTClockSource
                0x0000000008005072       0x24 ./Drivers/STM32WLxx_HAL_Driver/Src/stm32wlxx_hal_uart.o
 .text.LL_RCC_GetLPUARTClockSource
                0x0000000008005096       0x1e ./Drivers/STM32WLxx_HAL_Driver/Src/stm32wlxx_hal_uart.o
 .text.HAL_UART_Init
                0x00000000080050b4       0xa0 ./Drivers/STM32WLxx_HAL_Driver/Src/stm32wlxx_hal_uart.o
                0x00000000080050b4                HAL_UART_Init
 .text.HAL_UART_Transmit
                0x0000000008005154      0x10c ./Drivers/STM32WLxx_HAL_Driver/Src/stm32wlxx_hal_uart.o
                0x0000000008005154                HAL_UART_Transmit
 .text.HAL_UART_Receive
                0x0000000008005260      0x188 ./Drivers/STM32WLxx_HAL_Driver/Src/stm32wlxx_hal_uart.o
                0x0000000008005260                HAL_UART_Receive
 .text.HAL_UART_Receive_DMA
                0x00000000080053e8       0x98 ./Drivers/STM32WLxx_HAL_Driver/Src/stm32wlxx_hal_uart.o
                0x00000000080053e8                HAL_UART_Receive_DMA
 .text.HAL_UART_IRQHandler
                0x0000000008005480      0x648 ./Drivers/STM32WLxx_HAL_Driver/Src/stm32wlxx_hal_uart.o
                0x0000000008005480                HAL_UART_IRQHandler
 .text.HAL_UART_TxCpltCallback
                0x0000000008005ac8       0x12 ./Drivers/STM32WLxx_HAL_Driver/Src/stm32wlxx_hal_uart.o
                0x0000000008005ac8                HAL_UART_TxCpltCallback
 .text.HAL_UART_RxHalfCpltCallback
                0x0000000008005ada       0x12 ./Drivers/STM32WLxx_HAL_Driver/Src/stm32wlxx_hal_uart.o
                0x0000000008005ada                HAL_UART_RxHalfCpltCallback
 .text.HAL_UART_ErrorCallback
                0x0000000008005aec       0x12 ./Drivers/STM32WLxx_HAL_Driver/Src/stm32wlxx_hal_uart.o
                0x0000000008005aec                HAL_UART_ErrorCallback
 .text.HAL_UARTEx_RxEventCallback
                0x0000000008005afe       0x16 ./Drivers/STM32WLxx_HAL_Driver/Src/stm32wlxx_hal_uart.o
                0x0000000008005afe                HAL_UARTEx_RxEventCallback
 .text.UART_SetConfig
                0x0000000008005b14      0x4e8 ./Drivers/STM32WLxx_HAL_Driver/Src/stm32wlxx_hal_uart.o
                0x0000000008005b14                UART_SetConfig
 .text.UART_AdvFeatureConfig
                0x0000000008005ffc      0x142 ./Drivers/STM32WLxx_HAL_Driver/Src/stm32wlxx_hal_uart.o
                0x0000000008005ffc                UART_AdvFeatureConfig
 .text.UART_CheckIdleState
                0x000000000800613e       0x9c ./Drivers/STM32WLxx_HAL_Driver/Src/stm32wlxx_hal_uart.o
                0x000000000800613e                UART_CheckIdleState
 .text.UART_WaitOnFlagUntilTimeout
                0x00000000080061da      0x190 ./Drivers/STM32WLxx_HAL_Driver/Src/stm32wlxx_hal_uart.o
                0x00000000080061da                UART_WaitOnFlagUntilTimeout
 *fill*         0x000000000800636a        0x2 
 .text.UART_Start_Receive_DMA
                0x000000000800636c      0x14c ./Drivers/STM32WLxx_HAL_Driver/Src/stm32wlxx_hal_uart.o
                0x000000000800636c                UART_Start_Receive_DMA
 .text.UART_EndTxTransfer
                0x00000000080064b8       0x80 ./Drivers/STM32WLxx_HAL_Driver/Src/stm32wlxx_hal_uart.o
 .text.UART_EndRxTransfer
                0x0000000008006538       0xca ./Drivers/STM32WLxx_HAL_Driver/Src/stm32wlxx_hal_uart.o
 .text.UART_DMAReceiveCplt
                0x0000000008006602      0x12c ./Drivers/STM32WLxx_HAL_Driver/Src/stm32wlxx_hal_uart.o
 .text.UART_DMARxHalfCplt
                0x000000000800672e       0x3e ./Drivers/STM32WLxx_HAL_Driver/Src/stm32wlxx_hal_uart.o
 .text.UART_DMAError
                0x000000000800676c       0x80 ./Drivers/STM32WLxx_HAL_Driver/Src/stm32wlxx_hal_uart.o
 .text.UART_DMAAbortOnError
                0x00000000080067ec       0x2c ./Drivers/STM32WLxx_HAL_Driver/Src/stm32wlxx_hal_uart.o
 .text.UART_EndTransmit_IT
                0x0000000008006818       0x56 ./Drivers/STM32WLxx_HAL_Driver/Src/stm32wlxx_hal_uart.o
 .text.HAL_UARTEx_WakeupCallback
                0x000000000800686e       0x12 ./Drivers/STM32WLxx_HAL_Driver/Src/stm32wlxx_hal_uart_ex.o
                0x000000000800686e                HAL_UARTEx_WakeupCallback
 .text.HAL_UARTEx_RxFifoFullCallback
                0x0000000008006880       0x12 ./Drivers/STM32WLxx_HAL_Driver/Src/stm32wlxx_hal_uart_ex.o
                0x0000000008006880                HAL_UARTEx_RxFifoFullCallback
 .text.HAL_UARTEx_TxFifoEmptyCallback
                0x0000000008006892       0x12 ./Drivers/STM32WLxx_HAL_Driver/Src/stm32wlxx_hal_uart_ex.o
                0x0000000008006892                HAL_UARTEx_TxFifoEmptyCallback
 .text.HAL_UARTEx_DisableFifoMode
                0x00000000080068a4       0x70 ./Drivers/STM32WLxx_HAL_Driver/Src/stm32wlxx_hal_uart_ex.o
                0x00000000080068a4                HAL_UARTEx_DisableFifoMode
 .text.HAL_UARTEx_SetTxFifoThreshold
                0x0000000008006914       0x7c ./Drivers/STM32WLxx_HAL_Driver/Src/stm32wlxx_hal_uart_ex.o
                0x0000000008006914                HAL_UARTEx_SetTxFifoThreshold
 .text.HAL_UARTEx_SetRxFifoThreshold
                0x0000000008006990       0x7c ./Drivers/STM32WLxx_HAL_Driver/Src/stm32wlxx_hal_uart_ex.o
                0x0000000008006990                HAL_UARTEx_SetRxFifoThreshold
 .text.UARTEx_SetNbDataToProcess
                0x0000000008006a0c       0x98 ./Drivers/STM32WLxx_HAL_Driver/Src/stm32wlxx_hal_uart_ex.o
 .text.RadioInit
                0x0000000008006aa4       0xb8 ./Middlewares/Third_Party/SubGHz_Phy/stm32_radio_driver/radio.o
 .text.RadioGetStatus
                0x0000000008006b5c       0x2e ./Middlewares/Third_Party/SubGHz_Phy/stm32_radio_driver/radio.o
 *fill*         0x0000000008006b8a        0x2 
 .text.RadioSetModem
                0x0000000008006b8c       0xb8 ./Middlewares/Third_Party/SubGHz_Phy/stm32_radio_driver/radio.o
 .text.RadioSetChannel
                0x0000000008006c44       0x16 ./Middlewares/Third_Party/SubGHz_Phy/stm32_radio_driver/radio.o
 .text.RadioIsChannelFree
                0x0000000008006c5a       0xb4 ./Middlewares/Third_Party/SubGHz_Phy/stm32_radio_driver/radio.o
 .text.RadioRandom
                0x0000000008006d0e       0x26 ./Middlewares/Third_Party/SubGHz_Phy/stm32_radio_driver/radio.o
 .text.RadioSetRxConfig
                0x0000000008006d34      0x418 ./Middlewares/Third_Party/SubGHz_Phy/stm32_radio_driver/radio.o
 .text.RadioSetTxConfig
                0x000000000800714c      0x224 ./Middlewares/Third_Party/SubGHz_Phy/stm32_radio_driver/radio.o
 .text.RadioCheckRfFrequency
                0x0000000008007370       0x14 ./Middlewares/Third_Party/SubGHz_Phy/stm32_radio_driver/radio.o
 .text.RadioGetLoRaBandwidthInHz
                0x0000000008007384       0xac ./Middlewares/Third_Party/SubGHz_Phy/stm32_radio_driver/radio.o
 .text.RadioGetGfskTimeOnAirNumerator
                0x0000000008007430       0x54 ./Middlewares/Third_Party/SubGHz_Phy/stm32_radio_driver/radio.o
 .text.RadioGetLoRaTimeOnAirNumerator
                0x0000000008007484      0x102 ./Middlewares/Third_Party/SubGHz_Phy/stm32_radio_driver/radio.o
 *fill*         0x0000000008007586        0x2 
 .text.RadioTimeOnAir
                0x0000000008007588       0xb0 ./Middlewares/Third_Party/SubGHz_Phy/stm32_radio_driver/radio.o
 .text.RadioSend
                0x0000000008007638      0x1f0 ./Middlewares/Third_Party/SubGHz_Phy/stm32_radio_driver/radio.o
 .text.RadioSleep
                0x0000000008007828       0x26 ./Middlewares/Third_Party/SubGHz_Phy/stm32_radio_driver/radio.o
 .text.RadioStandby
                0x000000000800784e        0xe ./Middlewares/Third_Party/SubGHz_Phy/stm32_radio_driver/radio.o
 .text.RadioRx  0x000000000800785c       0x80 ./Middlewares/Third_Party/SubGHz_Phy/stm32_radio_driver/radio.o
 .text.RadioRxBoosted
                0x00000000080078dc       0x80 ./Middlewares/Third_Party/SubGHz_Phy/stm32_radio_driver/radio.o
 .text.RadioSetRxDutyCycle
                0x000000000800795c       0x48 ./Middlewares/Third_Party/SubGHz_Phy/stm32_radio_driver/radio.o
 .text.RadioStartCad
                0x00000000080079a4       0x30 ./Middlewares/Third_Party/SubGHz_Phy/stm32_radio_driver/radio.o
 .text.RadioSetTxContinuousWave
                0x00000000080079d4       0x64 ./Middlewares/Third_Party/SubGHz_Phy/stm32_radio_driver/radio.o
 .text.RadioRssi
                0x0000000008007a38       0x1a ./Middlewares/Third_Party/SubGHz_Phy/stm32_radio_driver/radio.o
 .text.RadioWrite
                0x0000000008007a52       0x24 ./Middlewares/Third_Party/SubGHz_Phy/stm32_radio_driver/radio.o
 .text.RadioRead
                0x0000000008007a76       0x1c ./Middlewares/Third_Party/SubGHz_Phy/stm32_radio_driver/radio.o
 .text.RadioWriteRegisters
                0x0000000008007a92       0x26 ./Middlewares/Third_Party/SubGHz_Phy/stm32_radio_driver/radio.o
 .text.RadioReadRegisters
                0x0000000008007ab8       0x26 ./Middlewares/Third_Party/SubGHz_Phy/stm32_radio_driver/radio.o
 *fill*         0x0000000008007ade        0x2 
 .text.RadioSetMaxPayloadLength
                0x0000000008007ae0       0x5c ./Middlewares/Third_Party/SubGHz_Phy/stm32_radio_driver/radio.o
 .text.RadioSetPublicNetwork
                0x0000000008007b3c       0x5c ./Middlewares/Third_Party/SubGHz_Phy/stm32_radio_driver/radio.o
 .text.RadioGetWakeupTime
                0x0000000008007b98       0x10 ./Middlewares/Third_Party/SubGHz_Phy/stm32_radio_driver/radio.o
 .text.RadioOnTxTimeoutIrq
                0x0000000008007ba8       0x14 ./Middlewares/Third_Party/SubGHz_Phy/stm32_radio_driver/radio.o
 .text.RadioOnRxTimeoutIrq
                0x0000000008007bbc       0x14 ./Middlewares/Third_Party/SubGHz_Phy/stm32_radio_driver/radio.o
 .text.RadioOnTxTimeoutProcess
                0x0000000008007bd0       0x28 ./Middlewares/Third_Party/SubGHz_Phy/stm32_radio_driver/radio.o
 .text.RadioOnRxTimeoutProcess
                0x0000000008007bf8       0x28 ./Middlewares/Third_Party/SubGHz_Phy/stm32_radio_driver/radio.o
 .text.RadioOnDioIrq
                0x0000000008007c20       0x24 ./Middlewares/Third_Party/SubGHz_Phy/stm32_radio_driver/radio.o
 .text.RadioIrqProcess
                0x0000000008007c44      0x3e8 ./Middlewares/Third_Party/SubGHz_Phy/stm32_radio_driver/radio.o
 .text.RadioTxPrbs
                0x000000000800802c       0x38 ./Middlewares/Third_Party/SubGHz_Phy/stm32_radio_driver/radio.o
 .text.RadioTxCw
                0x0000000008008064       0x38 ./Middlewares/Third_Party/SubGHz_Phy/stm32_radio_driver/radio.o
 .text.payload_integration
                0x000000000800809c      0x120 ./Middlewares/Third_Party/SubGHz_Phy/stm32_radio_driver/radio.o
 .text.RadioSetRxGenericConfig
                0x00000000080081bc      0x388 ./Middlewares/Third_Party/SubGHz_Phy/stm32_radio_driver/radio.o
 .text.RadioSetTxGenericConfig
                0x0000000008008544      0x46c ./Middlewares/Third_Party/SubGHz_Phy/stm32_radio_driver/radio.o
 .text.RadioLrFhssSetCfg
                0x00000000080089b0       0x18 ./Middlewares/Third_Party/SubGHz_Phy/stm32_radio_driver/radio.o
 .text.RadioLrFhssGetTimeOnAirInMs
                0x00000000080089c8       0x16 ./Middlewares/Third_Party/SubGHz_Phy/stm32_radio_driver/radio.o
 *fill*         0x00000000080089de        0x2 
 .text.SUBGRF_Init
                0x00000000080089e0       0x90 ./Middlewares/Third_Party/SubGHz_Phy/stm32_radio_driver/radio_driver.o
                0x00000000080089e0                SUBGRF_Init
 .text.SUBGRF_GetOperatingMode
                0x0000000008008a70       0x14 ./Middlewares/Third_Party/SubGHz_Phy/stm32_radio_driver/radio_driver.o
                0x0000000008008a70                SUBGRF_GetOperatingMode
 .text.SUBGRF_SetPayload
                0x0000000008008a84       0x20 ./Middlewares/Third_Party/SubGHz_Phy/stm32_radio_driver/radio_driver.o
                0x0000000008008a84                SUBGRF_SetPayload
 .text.SUBGRF_GetPayload
                0x0000000008008aa4       0x44 ./Middlewares/Third_Party/SubGHz_Phy/stm32_radio_driver/radio_driver.o
                0x0000000008008aa4                SUBGRF_GetPayload
 .text.SUBGRF_SendPayload
                0x0000000008008ae8       0x26 ./Middlewares/Third_Party/SubGHz_Phy/stm32_radio_driver/radio_driver.o
                0x0000000008008ae8                SUBGRF_SendPayload
 .text.SUBGRF_SetSyncWord
                0x0000000008008b0e       0x1e ./Middlewares/Third_Party/SubGHz_Phy/stm32_radio_driver/radio_driver.o
                0x0000000008008b0e                SUBGRF_SetSyncWord
 .text.SUBGRF_SetCrcSeed
                0x0000000008008b2c       0x40 ./Middlewares/Third_Party/SubGHz_Phy/stm32_radio_driver/radio_driver.o
                0x0000000008008b2c                SUBGRF_SetCrcSeed
 .text.SUBGRF_SetCrcPolynomial
                0x0000000008008b6c       0x40 ./Middlewares/Third_Party/SubGHz_Phy/stm32_radio_driver/radio_driver.o
                0x0000000008008b6c                SUBGRF_SetCrcPolynomial
 .text.SUBGRF_SetWhiteningSeed
                0x0000000008008bac       0x66 ./Middlewares/Third_Party/SubGHz_Phy/stm32_radio_driver/radio_driver.o
                0x0000000008008bac                SUBGRF_SetWhiteningSeed
 .text.SUBGRF_GetRandom
                0x0000000008008c12       0x8c ./Middlewares/Third_Party/SubGHz_Phy/stm32_radio_driver/radio_driver.o
                0x0000000008008c12                SUBGRF_GetRandom
 *fill*         0x0000000008008c9e        0x2 
 .text.SUBGRF_SetSleep
                0x0000000008008ca0       0x64 ./Middlewares/Third_Party/SubGHz_Phy/stm32_radio_driver/radio_driver.o
                0x0000000008008ca0                SUBGRF_SetSleep
 .text.SUBGRF_SetStandby
                0x0000000008008d04       0x38 ./Middlewares/Third_Party/SubGHz_Phy/stm32_radio_driver/radio_driver.o
                0x0000000008008d04                SUBGRF_SetStandby
 .text.SUBGRF_SetTx
                0x0000000008008d3c       0x40 ./Middlewares/Third_Party/SubGHz_Phy/stm32_radio_driver/radio_driver.o
                0x0000000008008d3c                SUBGRF_SetTx
 .text.SUBGRF_SetRx
                0x0000000008008d7c       0x40 ./Middlewares/Third_Party/SubGHz_Phy/stm32_radio_driver/radio_driver.o
                0x0000000008008d7c                SUBGRF_SetRx
 .text.SUBGRF_SetRxBoosted
                0x0000000008008dbc       0x48 ./Middlewares/Third_Party/SubGHz_Phy/stm32_radio_driver/radio_driver.o
                0x0000000008008dbc                SUBGRF_SetRxBoosted
 .text.SUBGRF_SetRxDutyCycle
                0x0000000008008e04       0x58 ./Middlewares/Third_Party/SubGHz_Phy/stm32_radio_driver/radio_driver.o
                0x0000000008008e04                SUBGRF_SetRxDutyCycle
 .text.SUBGRF_SetCad
                0x0000000008008e5c       0x1c ./Middlewares/Third_Party/SubGHz_Phy/stm32_radio_driver/radio_driver.o
                0x0000000008008e5c                SUBGRF_SetCad
 .text.SUBGRF_SetTxContinuousWave
                0x0000000008008e78       0x12 ./Middlewares/Third_Party/SubGHz_Phy/stm32_radio_driver/radio_driver.o
                0x0000000008008e78                SUBGRF_SetTxContinuousWave
 .text.SUBGRF_SetTxInfinitePreamble
                0x0000000008008e8a       0x12 ./Middlewares/Third_Party/SubGHz_Phy/stm32_radio_driver/radio_driver.o
                0x0000000008008e8a                SUBGRF_SetTxInfinitePreamble
 .text.SUBGRF_SetStopRxTimerOnPreambleDetect
                0x0000000008008e9c       0x1e ./Middlewares/Third_Party/SubGHz_Phy/stm32_radio_driver/radio_driver.o
                0x0000000008008e9c                SUBGRF_SetStopRxTimerOnPreambleDetect
 .text.SUBGRF_SetLoRaSymbNumTimeout
                0x0000000008008eba       0x5e ./Middlewares/Third_Party/SubGHz_Phy/stm32_radio_driver/radio_driver.o
                0x0000000008008eba                SUBGRF_SetLoRaSymbNumTimeout
 .text.SUBGRF_SetRegulatorMode
                0x0000000008008f18       0x2e ./Middlewares/Third_Party/SubGHz_Phy/stm32_radio_driver/radio_driver.o
                0x0000000008008f18                SUBGRF_SetRegulatorMode
 .text.SUBGRF_Calibrate
                0x0000000008008f46       0x8c ./Middlewares/Third_Party/SubGHz_Phy/stm32_radio_driver/radio_driver.o
                0x0000000008008f46                SUBGRF_Calibrate
 *fill*         0x0000000008008fd2        0x2 
 .text.SUBGRF_CalibrateImage
                0x0000000008008fd4       0x94 ./Middlewares/Third_Party/SubGHz_Phy/stm32_radio_driver/radio_driver.o
                0x0000000008008fd4                SUBGRF_CalibrateImage
 .text.SUBGRF_SetPaConfig
                0x0000000008009068       0x44 ./Middlewares/Third_Party/SubGHz_Phy/stm32_radio_driver/radio_driver.o
                0x0000000008009068                SUBGRF_SetPaConfig
 .text.SUBGRF_SetDioIrqParams
                0x00000000080090ac       0x74 ./Middlewares/Third_Party/SubGHz_Phy/stm32_radio_driver/radio_driver.o
                0x00000000080090ac                SUBGRF_SetDioIrqParams
 .text.SUBGRF_SetTcxoMode
                0x0000000008009120       0x42 ./Middlewares/Third_Party/SubGHz_Phy/stm32_radio_driver/radio_driver.o
                0x0000000008009120                SUBGRF_SetTcxoMode
 *fill*         0x0000000008009162        0x2 
 .text.SUBGRF_SetRfFrequency
                0x0000000008009164       0x8c ./Middlewares/Third_Party/SubGHz_Phy/stm32_radio_driver/radio_driver.o
                0x0000000008009164                SUBGRF_SetRfFrequency
 .text.SUBGRF_SetPacketType
                0x00000000080091f0       0x38 ./Middlewares/Third_Party/SubGHz_Phy/stm32_radio_driver/radio_driver.o
                0x00000000080091f0                SUBGRF_SetPacketType
 .text.SUBGRF_GetPacketType
                0x0000000008009228       0x14 ./Middlewares/Third_Party/SubGHz_Phy/stm32_radio_driver/radio_driver.o
                0x0000000008009228                SUBGRF_GetPacketType
 .text.SUBGRF_SetTxParams
                0x000000000800923c      0x19a ./Middlewares/Third_Party/SubGHz_Phy/stm32_radio_driver/radio_driver.o
                0x000000000800923c                SUBGRF_SetTxParams
 *fill*         0x00000000080093d6        0x2 
 .text.SUBGRF_SetModulationParams
                0x00000000080093d8      0x1a4 ./Middlewares/Third_Party/SubGHz_Phy/stm32_radio_driver/radio_driver.o
                0x00000000080093d8                SUBGRF_SetModulationParams
 .text.SUBGRF_SetPacketParams
                0x000000000800957c      0x13c ./Middlewares/Third_Party/SubGHz_Phy/stm32_radio_driver/radio_driver.o
                0x000000000800957c                SUBGRF_SetPacketParams
 .text.SUBGRF_SetBufferBaseAddress
                0x00000000080096b8       0x2e ./Middlewares/Third_Party/SubGHz_Phy/stm32_radio_driver/radio_driver.o
                0x00000000080096b8                SUBGRF_SetBufferBaseAddress
 .text.SUBGRF_GetRssiInst
                0x00000000080096e6       0x2a ./Middlewares/Third_Party/SubGHz_Phy/stm32_radio_driver/radio_driver.o
                0x00000000080096e6                SUBGRF_GetRssiInst
 .text.SUBGRF_GetRxBufferStatus
                0x0000000008009710       0x58 ./Middlewares/Third_Party/SubGHz_Phy/stm32_radio_driver/radio_driver.o
                0x0000000008009710                SUBGRF_GetRxBufferStatus
 .text.SUBGRF_GetPacketStatus
                0x0000000008009768       0xa4 ./Middlewares/Third_Party/SubGHz_Phy/stm32_radio_driver/radio_driver.o
                0x0000000008009768                SUBGRF_GetPacketStatus
 .text.SUBGRF_WriteRegister
                0x000000000800980c       0x28 ./Middlewares/Third_Party/SubGHz_Phy/stm32_radio_driver/radio_driver.o
                0x000000000800980c                SUBGRF_WriteRegister
 .text.SUBGRF_ReadRegister
                0x0000000008009834       0x28 ./Middlewares/Third_Party/SubGHz_Phy/stm32_radio_driver/radio_driver.o
                0x0000000008009834                SUBGRF_ReadRegister
 .text.SUBGRF_WriteRegisters
                0x000000000800985c       0x44 ./Middlewares/Third_Party/SubGHz_Phy/stm32_radio_driver/radio_driver.o
                0x000000000800985c                SUBGRF_WriteRegisters
 .text.SUBGRF_ReadRegisters
                0x00000000080098a0       0x44 ./Middlewares/Third_Party/SubGHz_Phy/stm32_radio_driver/radio_driver.o
                0x00000000080098a0                SUBGRF_ReadRegisters
 .text.SUBGRF_WriteBuffer
                0x00000000080098e4       0x44 ./Middlewares/Third_Party/SubGHz_Phy/stm32_radio_driver/radio_driver.o
                0x00000000080098e4                SUBGRF_WriteBuffer
 .text.SUBGRF_ReadBuffer
                0x0000000008009928       0x44 ./Middlewares/Third_Party/SubGHz_Phy/stm32_radio_driver/radio_driver.o
                0x0000000008009928                SUBGRF_ReadBuffer
 .text.SUBGRF_WriteCommand
                0x000000000800996c       0x44 ./Middlewares/Third_Party/SubGHz_Phy/stm32_radio_driver/radio_driver.o
                0x000000000800996c                SUBGRF_WriteCommand
 .text.SUBGRF_ReadCommand
                0x00000000080099b0       0x44 ./Middlewares/Third_Party/SubGHz_Phy/stm32_radio_driver/radio_driver.o
                0x00000000080099b0                SUBGRF_ReadCommand
 .text.SUBGRF_SetSwitch
                0x00000000080099f4       0x50 ./Middlewares/Third_Party/SubGHz_Phy/stm32_radio_driver/radio_driver.o
                0x00000000080099f4                SUBGRF_SetSwitch
 .text.SUBGRF_SetRfTxPower
                0x0000000008009a44       0x68 ./Middlewares/Third_Party/SubGHz_Phy/stm32_radio_driver/radio_driver.o
                0x0000000008009a44                SUBGRF_SetRfTxPower
 .text.SUBGRF_GetRadioWakeUpTime
                0x0000000008009aac        0xe ./Middlewares/Third_Party/SubGHz_Phy/stm32_radio_driver/radio_driver.o
                0x0000000008009aac                SUBGRF_GetRadioWakeUpTime
 *fill*         0x0000000008009aba        0x2 
 .text.HAL_SUBGHZ_TxCpltCallback
                0x0000000008009abc       0x1c ./Middlewares/Third_Party/SubGHz_Phy/stm32_radio_driver/radio_driver.o
                0x0000000008009abc                HAL_SUBGHZ_TxCpltCallback
 .text.HAL_SUBGHZ_RxCpltCallback
                0x0000000008009ad8       0x1c ./Middlewares/Third_Party/SubGHz_Phy/stm32_radio_driver/radio_driver.o
                0x0000000008009ad8                HAL_SUBGHZ_RxCpltCallback
 .text.HAL_SUBGHZ_CRCErrorCallback
                0x0000000008009af4       0x1c ./Middlewares/Third_Party/SubGHz_Phy/stm32_radio_driver/radio_driver.o
                0x0000000008009af4                HAL_SUBGHZ_CRCErrorCallback
 .text.HAL_SUBGHZ_CADStatusCallback
                0x0000000008009b10       0x3c ./Middlewares/Third_Party/SubGHz_Phy/stm32_radio_driver/radio_driver.o
                0x0000000008009b10                HAL_SUBGHZ_CADStatusCallback
 .text.HAL_SUBGHZ_RxTxTimeoutCallback
                0x0000000008009b4c       0x20 ./Middlewares/Third_Party/SubGHz_Phy/stm32_radio_driver/radio_driver.o
                0x0000000008009b4c                HAL_SUBGHZ_RxTxTimeoutCallback
 .text.HAL_SUBGHZ_HeaderErrorCallback
                0x0000000008009b6c       0x1c ./Middlewares/Third_Party/SubGHz_Phy/stm32_radio_driver/radio_driver.o
                0x0000000008009b6c                HAL_SUBGHZ_HeaderErrorCallback
 .text.HAL_SUBGHZ_PreambleDetectedCallback
                0x0000000008009b88       0x1c ./Middlewares/Third_Party/SubGHz_Phy/stm32_radio_driver/radio_driver.o
                0x0000000008009b88                HAL_SUBGHZ_PreambleDetectedCallback
 .text.HAL_SUBGHZ_SyncWordValidCallback
                0x0000000008009ba4       0x1c ./Middlewares/Third_Party/SubGHz_Phy/stm32_radio_driver/radio_driver.o
                0x0000000008009ba4                HAL_SUBGHZ_SyncWordValidCallback
 .text.HAL_SUBGHZ_HeaderValidCallback
                0x0000000008009bc0       0x1c ./Middlewares/Third_Party/SubGHz_Phy/stm32_radio_driver/radio_driver.o
                0x0000000008009bc0                HAL_SUBGHZ_HeaderValidCallback
 .text.HAL_SUBGHZ_LrFhssHopCallback
                0x0000000008009bdc       0x20 ./Middlewares/Third_Party/SubGHz_Phy/stm32_radio_driver/radio_driver.o
                0x0000000008009bdc                HAL_SUBGHZ_LrFhssHopCallback
 .text.Radio_SMPS_Set
                0x0000000008009bfc       0x42 ./Middlewares/Third_Party/SubGHz_Phy/stm32_radio_driver/radio_driver.o
 *fill*         0x0000000008009c3e        0x2 
 .text.SUBGRF_GetFskBandwidthRegValue
                0x0000000008009c40       0x50 ./Middlewares/Third_Party/SubGHz_Phy/stm32_radio_driver/radio_driver.o
                0x0000000008009c40                SUBGRF_GetFskBandwidthRegValue
 .text.SUBGRF_GetCFO
                0x0000000008009c90       0xe8 ./Middlewares/Third_Party/SubGHz_Phy/stm32_radio_driver/radio_driver.o
                0x0000000008009c90                SUBGRF_GetCFO
 .text.RFW_TransmitLongPacket
                0x0000000008009d78       0x24 ./Middlewares/Third_Party/SubGHz_Phy/stm32_radio_driver/radio_fw.o
                0x0000000008009d78                RFW_TransmitLongPacket
 .text.RFW_ReceiveLongPacket
                0x0000000008009d9c       0x24 ./Middlewares/Third_Party/SubGHz_Phy/stm32_radio_driver/radio_fw.o
                0x0000000008009d9c                RFW_ReceiveLongPacket
 .text.RFW_Init
                0x0000000008009dc0       0x1a ./Middlewares/Third_Party/SubGHz_Phy/stm32_radio_driver/radio_fw.o
                0x0000000008009dc0                RFW_Init
 .text.RFW_DeInit
                0x0000000008009dda        0xc ./Middlewares/Third_Party/SubGHz_Phy/stm32_radio_driver/radio_fw.o
                0x0000000008009dda                RFW_DeInit
 .text.RFW_Is_Init
                0x0000000008009de6        0xe ./Middlewares/Third_Party/SubGHz_Phy/stm32_radio_driver/radio_fw.o
                0x0000000008009de6                RFW_Is_Init
 .text.RFW_Is_LongPacketModeEnabled
                0x0000000008009df4        0xe ./Middlewares/Third_Party/SubGHz_Phy/stm32_radio_driver/radio_fw.o
                0x0000000008009df4                RFW_Is_LongPacketModeEnabled
 .text.RFW_SetAntSwitch
                0x0000000008009e02       0x14 ./Middlewares/Third_Party/SubGHz_Phy/stm32_radio_driver/radio_fw.o
                0x0000000008009e02                RFW_SetAntSwitch
 .text.RFW_TransmitInit
                0x0000000008009e16       0x20 ./Middlewares/Third_Party/SubGHz_Phy/stm32_radio_driver/radio_fw.o
                0x0000000008009e16                RFW_TransmitInit
 .text.RFW_ReceiveInit
                0x0000000008009e36       0x10 ./Middlewares/Third_Party/SubGHz_Phy/stm32_radio_driver/radio_fw.o
                0x0000000008009e36                RFW_ReceiveInit
 .text.RFW_DeInit_TxLongPacket
                0x0000000008009e46        0xc ./Middlewares/Third_Party/SubGHz_Phy/stm32_radio_driver/radio_fw.o
                0x0000000008009e46                RFW_DeInit_TxLongPacket
 .text.RFW_ReceivePayload
                0x0000000008009e52        0xc ./Middlewares/Third_Party/SubGHz_Phy/stm32_radio_driver/radio_fw.o
                0x0000000008009e52                RFW_ReceivePayload
 .text.RFW_SetRadioModem
                0x0000000008009e5e       0x14 ./Middlewares/Third_Party/SubGHz_Phy/stm32_radio_driver/radio_fw.o
                0x0000000008009e5e                RFW_SetRadioModem
 .text.MX_SubGHz_Phy_Init
                0x0000000008009e72       0x10 ./SubGHz_Phy/App/app_subghz_phy.o
                0x0000000008009e72                MX_SubGHz_Phy_Init
 .text.MX_SubGHz_Phy_Process
                0x0000000008009e82        0xc ./SubGHz_Phy/App/app_subghz_phy.o
                0x0000000008009e82                MX_SubGHz_Phy_Process
 *fill*         0x0000000008009e8e        0x2 
 .text.SubghzApp_Init
                0x0000000008009e90       0x4c ./SubGHz_Phy/App/subghz_phy_app.o
                0x0000000008009e90                SubghzApp_Init
 .text.OnTxDone
                0x0000000008009edc        0xc ./SubGHz_Phy/App/subghz_phy_app.o
 .text.OnRxDone
                0x0000000008009ee8       0x24 ./SubGHz_Phy/App/subghz_phy_app.o
 .text.OnTxTimeout
                0x0000000008009f0c        0xc ./SubGHz_Phy/App/subghz_phy_app.o
 .text.OnRxTimeout
                0x0000000008009f18        0xc ./SubGHz_Phy/App/subghz_phy_app.o
 .text.OnRxError
                0x0000000008009f24        0xc ./SubGHz_Phy/App/subghz_phy_app.o
 .text.LL_AHB2_GRP1_EnableClock
                0x0000000008009f30       0x30 ./SubGHz_Phy/Target/radio_board_if.o
 .text.RBI_Init
                0x0000000008009f60       0x80 ./SubGHz_Phy/Target/radio_board_if.o
                0x0000000008009f60                RBI_Init
 .text.RBI_ConfigRFSwitch
                0x0000000008009fe0       0xbc ./SubGHz_Phy/Target/radio_board_if.o
                0x0000000008009fe0                RBI_ConfigRFSwitch
 .text.RBI_GetTxConfig
                0x000000000800a09c       0x16 ./SubGHz_Phy/Target/radio_board_if.o
                0x000000000800a09c                RBI_GetTxConfig
 .text.RBI_IsTCXO
                0x000000000800a0b2       0x16 ./SubGHz_Phy/Target/radio_board_if.o
                0x000000000800a0b2                RBI_IsTCXO
 .text.RBI_IsDCDC
                0x000000000800a0c8       0x16 ./SubGHz_Phy/Target/radio_board_if.o
                0x000000000800a0c8                RBI_IsDCDC
 .text.RBI_GetRFOMaxPowerConfig
                0x000000000800a0de       0x2a ./SubGHz_Phy/Target/radio_board_if.o
                0x000000000800a0de                RBI_GetRFOMaxPowerConfig
 .text.UTIL_MEM_cpy_8
                0x000000000800a108       0x3e ./Utilities/misc/stm32_mem.o
                0x000000000800a108                UTIL_MEM_cpy_8
 .text.UTIL_MEM_set_8
                0x000000000800a146       0x36 ./Utilities/misc/stm32_mem.o
                0x000000000800a146                UTIL_MEM_set_8
 .text.UTIL_TIMER_Create
                0x000000000800a17c       0x6c ./Utilities/timer/stm32_timer.o
                0x000000000800a17c                UTIL_TIMER_Create
 .text.UTIL_TIMER_Start
                0x000000000800a1e8       0xdc ./Utilities/timer/stm32_timer.o
                0x000000000800a1e8                UTIL_TIMER_Start
 .text.UTIL_TIMER_Stop
                0x000000000800a2c4       0xe0 ./Utilities/timer/stm32_timer.o
                0x000000000800a2c4                UTIL_TIMER_Stop
 .text.UTIL_TIMER_SetPeriod
                0x000000000800a3a4       0x54 ./Utilities/timer/stm32_timer.o
                0x000000000800a3a4                UTIL_TIMER_SetPeriod
 .text.UTIL_TIMER_GetCurrentTime
                0x000000000800a3f8       0x24 ./Utilities/timer/stm32_timer.o
                0x000000000800a3f8                UTIL_TIMER_GetCurrentTime
 .text.UTIL_TIMER_GetElapsedTime
                0x000000000800a41c       0x38 ./Utilities/timer/stm32_timer.o
                0x000000000800a41c                UTIL_TIMER_GetElapsedTime
 .text.TimerExists
                0x000000000800a454       0x38 ./Utilities/timer/stm32_timer.o
                0x000000000800a454                TimerExists
 .text.TimerSetTimeout
                0x000000000800a48c       0x54 ./Utilities/timer/stm32_timer.o
                0x000000000800a48c                TimerSetTimeout
 .text.TimerInsertTimer
                0x000000000800a4e0       0x60 ./Utilities/timer/stm32_timer.o
                0x000000000800a4e0                TimerInsertTimer
 .text.TimerInsertNewHeadTimer
                0x000000000800a540       0x3c ./Utilities/timer/stm32_timer.o
                0x000000000800a540                TimerInsertNewHeadTimer
 .text._vsnprintf_r
                0x000000000800a57c       0x56 /Applications/STM32CubeIDE.app/Contents/Eclipse/plugins/com.st.stm32cube.ide.mcu.externaltools.gnu-tools-for-stm32.11.3.rel1.macos64_1.1.0.202305231506/tools/bin/../lib/gcc/arm-none-eabi/11.3.1/../../../../arm-none-eabi/lib/thumb/v7e-m/nofp/libc_nano.a(libc_a-vsnprintf.o)
                0x000000000800a57c                _vsnprintf_r
                0x000000000800a57c                _vsniprintf_r
 *fill*         0x000000000800a5d2        0x2 
 .text.vsnprintf
                0x000000000800a5d4       0x1c /Applications/STM32CubeIDE.app/Contents/Eclipse/plugins/com.st.stm32cube.ide.mcu.externaltools.gnu-tools-for-stm32.11.3.rel1.macos64_1.1.0.202305231506/tools/bin/../lib/gcc/arm-none-eabi/11.3.1/../../../../arm-none-eabi/lib/thumb/v7e-m/nofp/libc_nano.a(libc_a-vsnprintf.o)
                0x000000000800a5d4                vsnprintf
                0x000000000800a5d4                vsniprintf
 .text.memset   0x000000000800a5f0       0x10 /Applications/STM32CubeIDE.app/Contents/Eclipse/plugins/com.st.stm32cube.ide.mcu.externaltools.gnu-tools-for-stm32.11.3.rel1.macos64_1.1.0.202305231506/tools/bin/../lib/gcc/arm-none-eabi/11.3.1/../../../../arm-none-eabi/lib/thumb/v7e-m/nofp/libc_nano.a(libc_a-memset.o)
                0x000000000800a5f0                memset
 .text.__errno  0x000000000800a600        0xc /Applications/STM32CubeIDE.app/Contents/Eclipse/plugins/com.st.stm32cube.ide.mcu.externaltools.gnu-tools-for-stm32.11.3.rel1.macos64_1.1.0.202305231506/tools/bin/../lib/gcc/arm-none-eabi/11.3.1/../../../../arm-none-eabi/lib/thumb/v7e-m/nofp/libc_nano.a(libc_a-errno.o)
                0x000000000800a600                __errno
 .text.__libc_init_array
                0x000000000800a60c       0x48 /Applications/STM32CubeIDE.app/Contents/Eclipse/plugins/com.st.stm32cube.ide.mcu.externaltools.gnu-tools-for-stm32.11.3.rel1.macos64_1.1.0.202305231506/tools/bin/../lib/gcc/arm-none-eabi/11.3.1/../../../../arm-none-eabi/lib/thumb/v7e-m/nofp/libc_nano.a(libc_a-init.o)
                0x000000000800a60c                __libc_init_array
 .text.__retarget_lock_acquire_recursive
                0x000000000800a654        0x2 /Applications/STM32CubeIDE.app/Contents/Eclipse/plugins/com.st.stm32cube.ide.mcu.externaltools.gnu-tools-for-stm32.11.3.rel1.macos64_1.1.0.202305231506/tools/bin/../lib/gcc/arm-none-eabi/11.3.1/../../../../arm-none-eabi/lib/thumb/v7e-m/nofp/libc_nano.a(libc_a-lock.o)
                0x000000000800a654                __retarget_lock_acquire_recursive
 .text.__retarget_lock_release_recursive
                0x000000000800a656        0x2 /Applications/STM32CubeIDE.app/Contents/Eclipse/plugins/com.st.stm32cube.ide.mcu.externaltools.gnu-tools-for-stm32.11.3.rel1.macos64_1.1.0.202305231506/tools/bin/../lib/gcc/arm-none-eabi/11.3.1/../../../../arm-none-eabi/lib/thumb/v7e-m/nofp/libc_nano.a(libc_a-lock.o)
                0x000000000800a656                __retarget_lock_release_recursive
 .text.memcpy   0x000000000800a658       0x1c /Applications/STM32CubeIDE.app/Contents/Eclipse/plugins/com.st.stm32cube.ide.mcu.externaltools.gnu-tools-for-stm32.11.3.rel1.macos64_1.1.0.202305231506/tools/bin/../lib/gcc/arm-none-eabi/11.3.1/../../../../arm-none-eabi/lib/thumb/v7e-m/nofp/libc_nano.a(libc_a-memcpy-stub.o)
                0x000000000800a658                memcpy
 .text.__ssputs_r
                0x000000000800a674       0xb4 /Applications/STM32CubeIDE.app/Contents/Eclipse/plugins/com.st.stm32cube.ide.mcu.externaltools.gnu-tools-for-stm32.11.3.rel1.macos64_1.1.0.202305231506/tools/bin/../lib/gcc/arm-none-eabi/11.3.1/../../../../arm-none-eabi/lib/thumb/v7e-m/nofp/libc_nano.a(libc_a-nano-svfprintf.o)
                0x000000000800a674                __ssputs_r
 .text._svfprintf_r
                0x000000000800a728      0x1fc /Applications/STM32CubeIDE.app/Contents/Eclipse/plugins/com.st.stm32cube.ide.mcu.externaltools.gnu-tools-for-stm32.11.3.rel1.macos64_1.1.0.202305231506/tools/bin/../lib/gcc/arm-none-eabi/11.3.1/../../../../arm-none-eabi/lib/thumb/v7e-m/nofp/libc_nano.a(libc_a-nano-svfprintf.o)
                0x000000000800a728                _svfprintf_r
                0x000000000800a728                _svfiprintf_r
 .text.sbrk_aligned
                0x000000000800a924       0x40 /Applications/STM32CubeIDE.app/Contents/Eclipse/plugins/com.st.stm32cube.ide.mcu.externaltools.gnu-tools-for-stm32.11.3.rel1.macos64_1.1.0.202305231506/tools/bin/../lib/gcc/arm-none-eabi/11.3.1/../../../../arm-none-eabi/lib/thumb/v7e-m/nofp/libc_nano.a(libc_a-mallocr.o)
 .text._malloc_r
                0x000000000800a964      0x100 /Applications/STM32CubeIDE.app/Contents/Eclipse/plugins/com.st.stm32cube.ide.mcu.externaltools.gnu-tools-for-stm32.11.3.rel1.macos64_1.1.0.202305231506/tools/bin/../lib/gcc/arm-none-eabi/11.3.1/../../../../arm-none-eabi/lib/thumb/v7e-m/nofp/libc_nano.a(libc_a-mallocr.o)
                0x000000000800a964                _malloc_r
 .text._printf_common
                0x000000000800aa64       0xda /Applications/STM32CubeIDE.app/Contents/Eclipse/plugins/com.st.stm32cube.ide.mcu.externaltools.gnu-tools-for-stm32.11.3.rel1.macos64_1.1.0.202305231506/tools/bin/../lib/gcc/arm-none-eabi/11.3.1/../../../../arm-none-eabi/lib/thumb/v7e-m/nofp/libc_nano.a(libc_a-nano-vfprintf_i.o)
                0x000000000800aa64                _printf_common
 *fill*         0x000000000800ab3e        0x2 
 .text._printf_i
                0x000000000800ab40      0x244 /Applications/STM32CubeIDE.app/Contents/Eclipse/plugins/com.st.stm32cube.ide.mcu.externaltools.gnu-tools-for-stm32.11.3.rel1.macos64_1.1.0.202305231506/tools/bin/../lib/gcc/arm-none-eabi/11.3.1/../../../../arm-none-eabi/lib/thumb/v7e-m/nofp/libc_nano.a(libc_a-nano-vfprintf_i.o)
                0x000000000800ab40                _printf_i
 .text.__malloc_lock
                0x000000000800ad84        0xc /Applications/STM32CubeIDE.app/Contents/Eclipse/plugins/com.st.stm32cube.ide.mcu.externaltools.gnu-tools-for-stm32.11.3.rel1.macos64_1.1.0.202305231506/tools/bin/../lib/gcc/arm-none-eabi/11.3.1/../../../../arm-none-eabi/lib/thumb/v7e-m/nofp/libc_nano.a(libc_a-mlock.o)
                0x000000000800ad84                __malloc_lock
 .text.__malloc_unlock
                0x000000000800ad90        0xc /Applications/STM32CubeIDE.app/Contents/Eclipse/plugins/com.st.stm32cube.ide.mcu.externaltools.gnu-tools-for-stm32.11.3.rel1.macos64_1.1.0.202305231506/tools/bin/../lib/gcc/arm-none-eabi/11.3.1/../../../../arm-none-eabi/lib/thumb/v7e-m/nofp/libc_nano.a(libc_a-mlock.o)
                0x000000000800ad90                __malloc_unlock
 .text._realloc_r
                0x000000000800ad9c       0x5e /Applications/STM32CubeIDE.app/Contents/Eclipse/plugins/com.st.stm32cube.ide.mcu.externaltools.gnu-tools-for-stm32.11.3.rel1.macos64_1.1.0.202305231506/tools/bin/../lib/gcc/arm-none-eabi/11.3.1/../../../../arm-none-eabi/lib/thumb/v7e-m/nofp/libc_nano.a(libc_a-reallocr.o)
                0x000000000800ad9c                _realloc_r
 .text.memmove  0x000000000800adfa       0x34 /Applications/STM32CubeIDE.app/Contents/Eclipse/plugins/com.st.stm32cube.ide.mcu.externaltools.gnu-tools-for-stm32.11.3.rel1.macos64_1.1.0.202305231506/tools/bin/../lib/gcc/arm-none-eabi/11.3.1/../../../../arm-none-eabi/lib/thumb/v7e-m/nofp/libc_nano.a(libc_a-memmove.o)
                0x000000000800adfa                memmove
 *fill*         0x000000000800ae2e        0x2 
 .text._sbrk_r  0x000000000800ae30       0x20 /Applications/STM32CubeIDE.app/Contents/Eclipse/plugins/com.st.stm32cube.ide.mcu.externaltools.gnu-tools-for-stm32.11.3.rel1.macos64_1.1.0.202305231506/tools/bin/../lib/gcc/arm-none-eabi/11.3.1/../../../../arm-none-eabi/lib/thumb/v7e-m/nofp/libc_nano.a(libc_a-sbrkr.o)
                0x000000000800ae30                _sbrk_r
 .text._free_r  0x000000000800ae50       0x94 /Applications/STM32CubeIDE.app/Contents/Eclipse/plugins/com.st.stm32cube.ide.mcu.externaltools.gnu-tools-for-stm32.11.3.rel1.macos64_1.1.0.202305231506/tools/bin/../lib/gcc/arm-none-eabi/11.3.1/../../../../arm-none-eabi/lib/thumb/v7e-m/nofp/libc_nano.a(libc_a-freer.o)
                0x000000000800ae50                _free_r
 .text._malloc_usable_size_r
                0x000000000800aee4       0x10 /Applications/STM32CubeIDE.app/Contents/Eclipse/plugins/com.st.stm32cube.ide.mcu.externaltools.gnu-tools-for-stm32.11.3.rel1.macos64_1.1.0.202305231506/tools/bin/../lib/gcc/arm-none-eabi/11.3.1/../../../../arm-none-eabi/lib/thumb/v7e-m/nofp/libc_nano.a(libc_a-msizer.o)
                0x000000000800aee4                _malloc_usable_size_r
 *(.glue_7)
 .glue_7        0x000000000800aef4        0x0 linker stubs
 *(.glue_7t)
 .glue_7t       0x000000000800aef4        0x0 linker stubs
 *(.eh_frame)
 .eh_frame      0x000000000800aef4        0x0 /Applications/STM32CubeIDE.app/Contents/Eclipse/plugins/com.st.stm32cube.ide.mcu.externaltools.gnu-tools-for-stm32.11.3.rel1.macos64_1.1.0.202305231506/tools/bin/../lib/gcc/arm-none-eabi/11.3.1/thumb/v7e-m/nofp/crtbegin.o
 *(.init)
 .init          0x000000000800aef4        0x4 /Applications/STM32CubeIDE.app/Contents/Eclipse/plugins/com.st.stm32cube.ide.mcu.externaltools.gnu-tools-for-stm32.11.3.rel1.macos64_1.1.0.202305231506/tools/bin/../lib/gcc/arm-none-eabi/11.3.1/thumb/v7e-m/nofp/crti.o
                0x000000000800aef4                _init
 .init          0x000000000800aef8        0x8 /Applications/STM32CubeIDE.app/Contents/Eclipse/plugins/com.st.stm32cube.ide.mcu.externaltools.gnu-tools-for-stm32.11.3.rel1.macos64_1.1.0.202305231506/tools/bin/../lib/gcc/arm-none-eabi/11.3.1/thumb/v7e-m/nofp/crtn.o
 *(.fini)
 .fini          0x000000000800af00        0x4 /Applications/STM32CubeIDE.app/Contents/Eclipse/plugins/com.st.stm32cube.ide.mcu.externaltools.gnu-tools-for-stm32.11.3.rel1.macos64_1.1.0.202305231506/tools/bin/../lib/gcc/arm-none-eabi/11.3.1/thumb/v7e-m/nofp/crti.o
                0x000000000800af00                _fini
 .fini          0x000000000800af04        0x8 /Applications/STM32CubeIDE.app/Contents/Eclipse/plugins/com.st.stm32cube.ide.mcu.externaltools.gnu-tools-for-stm32.11.3.rel1.macos64_1.1.0.202305231506/tools/bin/../lib/gcc/arm-none-eabi/11.3.1/thumb/v7e-m/nofp/crtn.o
                0x000000000800af0c                . = ALIGN (0x4)
                0x000000000800af0c                _etext = .

.vfp11_veneer   0x000000000800af0c        0x0
 .vfp11_veneer  0x000000000800af0c        0x0 linker stubs

.v4_bx          0x000000000800af0c        0x0
 .v4_bx         0x000000000800af0c        0x0 linker stubs

.iplt           0x000000000800af0c        0x0
 .iplt          0x000000000800af0c        0x0 /Applications/STM32CubeIDE.app/Contents/Eclipse/plugins/com.st.stm32cube.ide.mcu.externaltools.gnu-tools-for-stm32.11.3.rel1.macos64_1.1.0.202305231506/tools/bin/../lib/gcc/arm-none-eabi/11.3.1/thumb/v7e-m/nofp/crtbegin.o

.rodata         0x000000000800af0c      0x96c
                0x000000000800af0c                . = ALIGN (0x4)
 *(.rodata)
 .rodata        0x000000000800af0c       0x57 ./Core/Src/ax25_generator.o
 *fill*         0x000000000800af63        0x1 
 .rodata        0x000000000800af64      0x532 ./Core/Src/main.o
 *fill*         0x000000000800b496        0x2 
 .rodata        0x000000000800b498      0x136 ./Core/Src/obc_interface.o
 *fill*         0x000000000800b5ce        0x2 
 .rodata        0x000000000800b5d0       0x1c ./Drivers/STM32WLxx_HAL_Driver/Src/stm32wlxx_hal_rcc.o
 .rodata        0x000000000800b5ec       0x10 ./Middlewares/Third_Party/SubGHz_Phy/stm32_radio_driver/radio.o
 .rodata        0x000000000800b5fc       0x11 ./Middlewares/Third_Party/SubGHz_Phy/stm32_radio_driver/radio_driver.o
 *(.rodata*)
 *fill*         0x000000000800b60d        0x3 
 .rodata.AHBPrescTable
                0x000000000800b610       0x40 ./Core/Src/system_stm32wlxx.o
                0x000000000800b610                AHBPrescTable
 .rodata.APBPrescTable
                0x000000000800b650       0x20 ./Core/Src/system_stm32wlxx.o
                0x000000000800b650                APBPrescTable
 .rodata.MSIRangeTable
                0x000000000800b670       0x40 ./Core/Src/system_stm32wlxx.o
                0x000000000800b670                MSIRangeTable
 .rodata.UTIL_TimerDriver
                0x000000000800b6b0       0x2c ./Core/Src/timer_if.o
                0x000000000800b6b0                UTIL_TimerDriver
 .rodata.UARTPrescTable
                0x000000000800b6dc       0x18 ./Drivers/STM32WLxx_HAL_Driver/Src/stm32wlxx_hal_uart.o
                0x000000000800b6dc                UARTPrescTable
 .rodata.numerator.1
                0x000000000800b6f4        0x8 ./Drivers/STM32WLxx_HAL_Driver/Src/stm32wlxx_hal_uart_ex.o
 .rodata.denominator.0
                0x000000000800b6fc        0x8 ./Drivers/STM32WLxx_HAL_Driver/Src/stm32wlxx_hal_uart_ex.o
 .rodata.Radio  0x000000000800b704       0x8c ./Middlewares/Third_Party/SubGHz_Phy/stm32_radio_driver/radio.o
                0x000000000800b704                Radio
 .rodata.Bandwidths
                0x000000000800b790        0x3 ./Middlewares/Third_Party/SubGHz_Phy/stm32_radio_driver/radio.o
                0x000000000800b790                Bandwidths
 *fill*         0x000000000800b793        0x1 
 .rodata.FskBandwidths
                0x000000000800b794       0xb0 ./Middlewares/Third_Party/SubGHz_Phy/stm32_radio_driver/radio_driver.o
 .rodata._svfprintf_r.str1.1
                0x000000000800b844       0x11 /Applications/STM32CubeIDE.app/Contents/Eclipse/plugins/com.st.stm32cube.ide.mcu.externaltools.gnu-tools-for-stm32.11.3.rel1.macos64_1.1.0.202305231506/tools/bin/../lib/gcc/arm-none-eabi/11.3.1/../../../../arm-none-eabi/lib/thumb/v7e-m/nofp/libc_nano.a(libc_a-nano-svfprintf.o)
 .rodata._printf_i.str1.1
                0x000000000800b855       0x22 /Applications/STM32CubeIDE.app/Contents/Eclipse/plugins/com.st.stm32cube.ide.mcu.externaltools.gnu-tools-for-stm32.11.3.rel1.macos64_1.1.0.202305231506/tools/bin/../lib/gcc/arm-none-eabi/11.3.1/../../../../arm-none-eabi/lib/thumb/v7e-m/nofp/libc_nano.a(libc_a-nano-vfprintf_i.o)
                0x000000000800b878                . = ALIGN (0x4)
 *fill*         0x000000000800b877        0x1 

.ARM.extab      0x000000000800b878        0x0
                0x000000000800b878                . = ALIGN (0x4)
 *(.ARM.extab* .gnu.linkonce.armextab.*)
                0x000000000800b878                . = ALIGN (0x4)

.ARM            0x000000000800b878        0x8
                0x000000000800b878                . = ALIGN (0x4)
                0x000000000800b878                __exidx_start = .
 *(.ARM.exidx*)
 .ARM.exidx     0x000000000800b878        0x8 /Applications/STM32CubeIDE.app/Contents/Eclipse/plugins/com.st.stm32cube.ide.mcu.externaltools.gnu-tools-for-stm32.11.3.rel1.macos64_1.1.0.202305231506/tools/bin/../lib/gcc/arm-none-eabi/11.3.1/thumb/v7e-m/nofp/libgcc.a(_udivmoddi4.o)
                0x000000000800b880                __exidx_end = .
                0x000000000800b880                . = ALIGN (0x4)

.rel.dyn        0x000000000800b880        0x0
 .rel.iplt      0x000000000800b880        0x0 /Applications/STM32CubeIDE.app/Contents/Eclipse/plugins/com.st.stm32cube.ide.mcu.externaltools.gnu-tools-for-stm32.11.3.rel1.macos64_1.1.0.202305231506/tools/bin/../lib/gcc/arm-none-eabi/11.3.1/thumb/v7e-m/nofp/crtbegin.o

.preinit_array  0x000000000800b880        0x0
                0x000000000800b880                . = ALIGN (0x4)
                0x000000000800b880                PROVIDE (__preinit_array_start = .)
 *(.preinit_array*)
                0x000000000800b880                PROVIDE (__preinit_array_end = .)
                0x000000000800b880                . = ALIGN (0x4)

.init_array     0x000000000800b880        0x4
                0x000000000800b880                . = ALIGN (0x4)
                0x000000000800b880                PROVIDE (__init_array_start = .)
 *(SORT_BY_NAME(.init_array.*))
 *(.init_array*)
 .init_array    0x000000000800b880        0x4 /Applications/STM32CubeIDE.app/Contents/Eclipse/plugins/com.st.stm32cube.ide.mcu.externaltools.gnu-tools-for-stm32.11.3.rel1.macos64_1.1.0.202305231506/tools/bin/../lib/gcc/arm-none-eabi/11.3.1/thumb/v7e-m/nofp/crtbegin.o
                0x000000000800b884                PROVIDE (__init_array_end = .)
                0x000000000800b884                . = ALIGN (0x4)

.fini_array     0x000000000800b884        0x4
                0x000000000800b884                . = ALIGN (0x4)
                [!provide]                        PROVIDE (__fini_array_start = .)
 *(SORT_BY_NAME(.fini_array.*))
 *(.fini_array*)
 .fini_array    0x000000000800b884        0x4 /Applications/STM32CubeIDE.app/Contents/Eclipse/plugins/com.st.stm32cube.ide.mcu.externaltools.gnu-tools-for-stm32.11.3.rel1.macos64_1.1.0.202305231506/tools/bin/../lib/gcc/arm-none-eabi/11.3.1/thumb/v7e-m/nofp/crtbegin.o
                [!provide]                        PROVIDE (__fini_array_end = .)
                0x000000000800b888                . = ALIGN (0x4)
                0x000000000800b888                _sidata = LOADADDR (.data)

.data           0x0000000020000000       0x60 load address 0x000000000800b888
                0x0000000020000000                . = ALIGN (0x4)
                0x0000000020000000                _sdata = .
 *(.data)
 *(.data*)
 .data.obc_plen
                0x0000000020000000        0x1 ./Core/Src/main.o
                0x0000000020000000                obc_plen
 .data.p_len    0x0000000020000001        0x1 ./Core/Src/main.o
                0x0000000020000001                p_len
 .data.gs_cmd_plen
                0x0000000020000002        0x1 ./Core/Src/main.o
                0x0000000020000002                gs_cmd_plen
 *fill*         0x0000000020000003        0x1 
 .data.SystemCoreClock
                0x0000000020000004        0x4 ./Core/Src/system_stm32wlxx.o
                0x0000000020000004                SystemCoreClock
 .data.uwTickPrio
                0x0000000020000008        0x4 ./Drivers/STM32WLxx_HAL_Driver/Src/stm32wlxx_hal.o
                0x0000000020000008                uwTickPrio
 .data.uwTickFreq
                0x000000002000000c        0x1 ./Drivers/STM32WLxx_HAL_Driver/Src/stm32wlxx_hal.o
                0x000000002000000c                uwTickFreq
 .data.MaxPayloadLength
                0x000000002000000d        0x1 ./Middlewares/Third_Party/SubGHz_Phy/stm32_radio_driver/radio.o
 *fill*         0x000000002000000e        0x2 
 .data._impure_data
                0x0000000020000010       0x4c /Applications/STM32CubeIDE.app/Contents/Eclipse/plugins/com.st.stm32cube.ide.mcu.externaltools.gnu-tools-for-stm32.11.3.rel1.macos64_1.1.0.202305231506/tools/bin/../lib/gcc/arm-none-eabi/11.3.1/../../../../arm-none-eabi/lib/thumb/v7e-m/nofp/libc_nano.a(libc_a-impure.o)
                0x0000000020000010                _impure_data
 .data._impure_ptr
                0x000000002000005c        0x4 /Applications/STM32CubeIDE.app/Contents/Eclipse/plugins/com.st.stm32cube.ide.mcu.externaltools.gnu-tools-for-stm32.11.3.rel1.macos64_1.1.0.202305231506/tools/bin/../lib/gcc/arm-none-eabi/11.3.1/../../../../arm-none-eabi/lib/thumb/v7e-m/nofp/libc_nano.a(libc_a-impure.o)
                0x000000002000005c                _impure_ptr
 *(.RamFunc)
 *(.RamFunc*)
                0x0000000020000060                . = ALIGN (0x4)
                0x0000000020000060                _edata = .

.igot.plt       0x0000000020000060        0x0 load address 0x000000000800b8e8