../Drivers/STM32WLxx_HAL_Driver/Inc/stm32wlxx_ll_bus.h:287:22:LL_AHB1_GRP1_EnableClock	24	static
../Drivers/STM32WLxx_HAL_Driver/Inc/stm32wlxx_ll_bus.h:449:22:LL_AHB2_GRP1_EnableClock	24	static
../Core/Src/main.c:117:5:main	32	static
../Core/Src/main.c:260:6:SystemClock_Config	112	static
../Core/Src/main.c:304:6:MX_SUBGHZ_Init	8	static
../Core/Src/main.c:328:13:MX_TIM1_Init	40	static
../Core/Src/main.c:372:13:MX_TIM2_Init	40	static
../Core/Src/main.c:414:13:MX_USART1_UART_Init	8	static
../Core/Src/main.c:459:13:MX_USART2_UART_Init	8	static
../Core/Src/main.c:502:13:MX_DMA_Init	8	static
../Core/Src/main.c:523:13:MX_GPIO_Init	32	static
../Core/Src/main.c:571:6:HAL_UART_RxCpltCallback	24	static
../Core/Src/main.c:596:6:DioIrqHndlr	32	static
../Core/Src/main.c:693:6:Error_Handler	4	static,ignoring_inline_asm
